"policy": 'policy'
    IDENTIFIER: 'a1'
    TARGET: ''
        FROM: ''
            RESOURCE_EXPR: ''
                STAR: '*'
        ACTION_EXPR: ''
            STAR: '*'
        SUBJECT_EXPR: ''
            STAR: '*'
    EFFECT_CLAUSE: 'DO'
        EFFECT_TYPE: 'DENY'
    OBLIGATION_CLAUSE: ''
        "on": 'ON'
            EFFECT_TYPE: 'ALLOW'
        OBLIGATION: ''
            "log": 'LOG'
                QUOTED_STRING: 'hello'
"policy": 'policy'
    IDENTIFIER: 'a2'
    TARGET: ''
        FROM: ''
            RESOURCE_EXPR: ''
                STAR: '*'
        ACTION_EXPR: ''
            STAR: '*'
        SUBJECT_EXPR: ''
            STAR: '*'
    EFFECT_CLAUSE: 'DO'
        EFFECT_TYPE: 'DENY'
    OBLIGATION_CLAUSE: ''
        "on": 'ON'
            EFFECT_TYPE: 'ALLOW'
        OBLIGATION: ''
            "log": 'LOG'
                QUOTED_STRING: 'hello'
                IDENTIFIER: 'world'
"policy": 'policy'
    IDENTIFIER: 'a3'
    TARGET: ''
        FROM: ''
            RESOURCE_EXPR: ''
                STAR: '*'
        ACTION_EXPR: ''
            STAR: '*'
        SUBJECT_EXPR: ''
            STAR: '*'
    EFFECT_CLAUSE: 'DO'
        EFFECT_TYPE: 'DENY'
    OBLIGATION_CLAUSE: ''
        "on": 'ON'
            EFFECT_TYPE: 'ALLOW'
        OBLIGATION: ''
            "dontlog": 'DONTLOG'
"policy": 'policy'
    IDENTIFIER: 'a4'
    TARGET: ''
        FROM: ''
            RESOURCE_EXPR: ''
                STAR: '*'
        ACTION_EXPR: ''
            STAR: '*'
        SUBJECT_EXPR: ''
            STAR: '*'
    EFFECT_CLAUSE: 'DO'
        EFFECT_TYPE: 'DENY'
    OBLIGATION_CLAUSE: ''
        "on": 'ON'
            EFFECT_TYPE: 'ALLOW'
        OBLIGATION: ''
            "notify": 'NOTIFY'
                QUOTED_STRING: 'asd@fgh.com'
                QUOTED_STRING: 'bad stuff happened'
"policy": 'policy'
    IDENTIFIER: 'a5'
    TARGET: ''
        FROM: ''
            RESOURCE_EXPR: ''
                STAR: '*'
        ACTION_EXPR: ''
            STAR: '*'
        SUBJECT_EXPR: ''
            STAR: '*'
    EFFECT_CLAUSE: 'DO'
        EFFECT_TYPE: 'DENY'
    OBLIGATION_CLAUSE: ''
        "on": 'ON'
            EFFECT_TYPE: 'ALLOW'
        OBLIGATION: ''
            "notify": 'NOTIFY'
                QUOTED_STRING: 'abc@fgh.com'
                QUOTED_STRING: 'good stuff happened'
                "by": 'BY'
                    "email": 'EMAIL'
"policy": 'policy'
    IDENTIFIER: 'a6'
    TARGET: ''
        FROM: ''
            RESOURCE_EXPR: ''
                STAR: '*'
        ACTION_EXPR: ''
            STAR: '*'
        SUBJECT_EXPR: ''
            STAR: '*'
    EFFECT_CLAUSE: 'DO'
        EFFECT_TYPE: 'DENY'
    OBLIGATION_CLAUSE: ''
        "on": 'ON'
            EFFECT_TYPE: 'ALLOW'
        OBLIGATION: ''
            "notify": 'NOTIFY'
                QUOTED_STRING: 'xyz@fgh.com, blue@blah.com, joe@shmoe.com, pql@pql.org'
                QUOTED_STRING: 'no stuff happened'
                "by": 'BY'
                    "im": 'IM'
