"policy": 'policy'
    IDENTIFIER: 'a1'
    TARGET: ''
        FROM: ''
            RESOURCE_EXPR: ''
                STAR: '*'
        ACTION_EXPR: ''
            STAR: '*'
        SUBJECT_EXPR: ''
            STAR: '*'
    EFFECT_CLAUSE: 'DO'
        EFFECT_TYPE: 'DENY'
    OBLIGATION_CLAUSE: ''
        "on": 'ON'
            EFFECT_TYPE: 'ALLOW'
        OBLIGATION: ''
            CUSTOM_OBLIGATION: ''
                IDENTIFIER: 'CUSTOM1'
"policy": 'policy'
    IDENTIFIER: 'a2'
    TARGET: ''
        FROM: ''
            RESOURCE_EXPR: ''
                STAR: '*'
        ACTION_EXPR: ''
            STAR: '*'
        SUBJECT_EXPR: ''
            STAR: '*'
    EFFECT_CLAUSE: 'DO'
        EFFECT_TYPE: 'DENY'
    OBLIGATION_CLAUSE: ''
        "on": 'ON'
            EFFECT_TYPE: 'ALLOW'
        OBLIGATION: ''
            CUSTOM_OBLIGATION: ''
                IDENTIFIER: 'CUSTOM2'
                QUOTED_STRING: 'x'
"policy": 'policy'
    IDENTIFIER: 'a3'
    TARGET: ''
        FROM: ''
            RESOURCE_EXPR: ''
                STAR: '*'
        ACTION_EXPR: ''
            STAR: '*'
        SUBJECT_EXPR: ''
            STAR: '*'
    EFFECT_CLAUSE: 'DO'
        EFFECT_TYPE: 'DENY'
    OBLIGATION_CLAUSE: ''
        "on": 'ON'
            EFFECT_TYPE: 'ALLOW'
        OBLIGATION: ''
            CUSTOM_OBLIGATION: ''
                IDENTIFIER: 'CUSTOM3'
                QUOTED_STRING: 'x'
"policy": 'policy'
    IDENTIFIER: 'a4'
    TARGET: ''
        FROM: ''
            RESOURCE_EXPR: ''
                STAR: '*'
        ACTION_EXPR: ''
            STAR: '*'
        SUBJECT_EXPR: ''
            STAR: '*'
    EFFECT_CLAUSE: 'DO'
        EFFECT_TYPE: 'DENY'
    OBLIGATION_CLAUSE: ''
        "on": 'ON'
            EFFECT_TYPE: 'ALLOW'
        OBLIGATION: ''
            CUSTOM_OBLIGATION: ''
                IDENTIFIER: 'CUSTOM4'
                QUOTED_STRING: 'x'
                QUOTED_STRING: 'y'
                QUOTED_STRING: 'z'
                INTEGER: '1'
                FLOATING_POINT: ''
                    INTEGER: '2'
                    INTEGER: '3'
                FLOATING_POINT: ''
                    INTEGER: '0'
                    INTEGER: '4'
