"policy": 'policy'
    IDENTIFIER: 'a1'
    TARGET: ''
        FROM: ''
            RESOURCE_EXPR: ''
                STAR: '*'
        ACTION_EXPR: ''
            STAR: '*'
        SUBJECT_EXPR: ''
            STAR: '*'
    EFFECT_CLAUSE: 'DO'
        EFFECT_TYPE: 'DENY'
    OBLIGATION_CLAUSE: ''
        "on": 'ON'
            EFFECT_TYPE: 'DENY'
        OBLIGATION: ''
            "log": 'LOG'
                QUOTED_STRING: 'hello'
"policy": 'policy'
    IDENTIFIER: 'a2'
    TARGET: ''
        FROM: ''
            RESOURCE_EXPR: ''
                STAR: '*'
        ACTION_EXPR: ''
            STAR: '*'
        SUBJECT_EXPR: ''
            STAR: '*'
    EFFECT_CLAUSE: 'DO'
        EFFECT_TYPE: 'DENY'
    OBLIGATION_CLAUSE: ''
        "on": 'ON'
            EFFECT_TYPE: 'dontcare'
        OBLIGATION: ''
            "log": 'LOG'
                QUOTED_STRING: 'hello'
                IDENTIFIER: 'world'
"policy": 'policy'
    IDENTIFIER: 'a3'
    TARGET: ''
        FROM: ''
            RESOURCE_EXPR: ''
                STAR: '*'
        ACTION_EXPR: ''
            STAR: '*'
        SUBJECT_EXPR: ''
            STAR: '*'
    EFFECT_CLAUSE: 'DO'
        EFFECT_TYPE: 'DENY'
    OBLIGATION_CLAUSE: ''
        "on": 'ON'
            EFFECT_TYPE: 'ALLOW'
        OBLIGATION: ''
            "dontlog": 'DONTLOG'
"policy": 'policy'
    IDENTIFIER: 'a4'
    TARGET: ''
        FROM: ''
            RESOURCE_EXPR: ''
                STAR: '*'
        ACTION_EXPR: ''
            STAR: '*'
        SUBJECT_EXPR: ''
            STAR: '*'
    EFFECT_CLAUSE: 'DO'
        EFFECT_TYPE: 'DENY'
    OBLIGATION_CLAUSE: ''
        "on": 'on'
            "local": 'local'
            EFFECT_TYPE: 'allow'
        OBLIGATION: ''
            "notify": 'NOTIFY'
                QUOTED_STRING: 'asd@fgh.com'
                QUOTED_STRING: 'well, well, well'
"policy": 'policy'
    IDENTIFIER: 'a5'
    TARGET: ''
        FROM: ''
            RESOURCE_EXPR: ''
                STAR: '*'
        ACTION_EXPR: ''
            STAR: '*'
        SUBJECT_EXPR: ''
            STAR: '*'
    EFFECT_CLAUSE: 'DO'
        EFFECT_TYPE: 'DENY'
    OBLIGATION_CLAUSE: ''
        "on": 'on'
            "local": 'local'
            EFFECT_TYPE: 'deny'
        OBLIGATION: ''
            "notify": 'NOTIFY'
                QUOTED_STRING: 'abc@fgh.com'
                QUOTED_STRING: 'unicorns don't play leapfrog'
                "by": 'BY'
                    "email": 'EMAIL'
"policy": 'policy'
    IDENTIFIER: 'a6'
    TARGET: ''
        FROM: ''
            RESOURCE_EXPR: ''
                STAR: '*'
        ACTION_EXPR: ''
            STAR: '*'
        SUBJECT_EXPR: ''
            STAR: '*'
    EFFECT_CLAUSE: 'DO'
        EFFECT_TYPE: 'DENY'
    OBLIGATION_CLAUSE: ''
        "on": 'on'
            "local": 'local'
            EFFECT_TYPE: 'dontcare'
        OBLIGATION: ''
            "notify": 'NOTIFY'
                QUOTED_STRING: 'xyz@fgh.com'
                QUOTED_STRING: 'this statement is false'
                "by": 'BY'
                    "im": 'IM'
