"policy": 'policy'
    IDENTIFIER: 'a1'
    "description": 'combine all "atomic" obligations into this meaningless mess'
    OBLIGATION_CLAUSE: ''
        "on": 'ON'
            EFFECT_TYPE: 'ALLOW'
        OBLIGATION: ''
            "log": 'LOG'
                QUOTED_STRING: 'hello'
        OBLIGATION: ''
            "log": 'LOG'
                QUOTED_STRING: 'hello'
                IDENTIFIER: 'world'
        OBLIGATION: ''
            "dontlog": 'DONTLOG'
        OBLIGATION: ''
            "notify": 'NOTIFY'
                QUOTED_STRING: 'asd@fgh.com'
                QUOTED_STRING: 'something was allowed'
        OBLIGATION: ''
            "notify": 'NOTIFY'
                QUOTED_STRING: 'abc@fgh.com, foo@bar.com'
                QUOTED_STRING: 'notify-shmotify'
                "by": 'BY'
                    "email": 'EMAIL'
        OBLIGATION: ''
            "notify": 'NOTIFY'
                QUOTED_STRING: 'xyz@fgh.com, baz@dop.com, chief@wiggam.com'
                QUOTED_STRING: 'potato potato potato'
                "by": 'BY'
                    "im": 'IM'
"policy": 'policy'
    IDENTIFIER: 'a2'
    "description": 'combine several "atomic" obligations with some custom ones'
    OBLIGATION_CLAUSE: ''
        "on": 'ON'
            EFFECT_TYPE: 'ALLOW'
        OBLIGATION: ''
            "log": 'LOG'
                QUOTED_STRING: 'hello'
                IDENTIFIER: 'world'
        OBLIGATION: ''
            "notify": 'NOTIFY'
                QUOTED_STRING: 'abc@fgh.com'
                QUOTED_STRING: 'your pants are on fire'
                "by": 'BY'
                    "email": 'EMAIL'
        OBLIGATION: ''
            CUSTOM_OBLIGATION: ''
                IDENTIFIER: 'CUSTOM1'
        OBLIGATION: ''
            CUSTOM_OBLIGATION: ''
                IDENTIFIER: 'CUSTOM2'
                QUOTED_STRING: 'x'
        OBLIGATION: ''
            CUSTOM_OBLIGATION: ''
                IDENTIFIER: 'Custom3'
                INTEGER: '1'
                FLOATING_POINT: ''
                    INTEGER: '2'
                    INTEGER: '3'
                FLOATING_POINT: ''
                    INTEGER: '0'
                    INTEGER: '4'
                QUOTED_STRING: 'hello'
                QUOTED_STRING: 'w_o_r_l_d'
