"policy": 'policy'
    IDENTIFIER: 'first_policy'
    "description": 'this policy is simple'
    TARGET: ''
        FROM: ''
            RESOURCE_EXPR: ''
                "and": ''
                    RELATION_OP: '='
                        IDENTIFIER: 'NAME'
                        QUOTED_STRING: '/secret/**'
                    IDENTIFIER: 'WORD_DOCS'
        ACTION_EXPR: ''
            IDENTIFIER: 'RENAME'
        "to": ''
            RESOURCE_EXPR: ''
                "not": 'NOT'
                    IDENTIFIER: 'WORD_DOCS'
        SUBJECT_EXPR: ''
            STAR: '*'
    EFFECT_CLAUSE: 'DO'
        EFFECT_TYPE: 'DENY'
