"policy": 'policy'
    IDENTIFIER: 'emailPolicy'
    TARGET: ''
        FROM: ''
            RESOURCE_EXPR: ''
                "and": ''
                    RELATION_OP: '='
                        IDENTIFIER: 'NAME'
                        QUOTED_STRING: '/secret/**'
                    IDENTIFIER: 'WORD_DOCS'
        ACTION_EXPR: ''
            IDENTIFIER: 'SENDTO'
        EMAIL_TO: ''
            SUBJECT_EXPR: ''
                IDENTIFIER: 'OutsideUsers'
        SUBJECT_EXPR: ''
            STAR: '*'
    EFFECT_CLAUSE: 'DO'
        EFFECT_TYPE: 'DENY'
