"policy": 'POLICY'
    IDENTIFIER: 'test_empty'
    "description": 'This policy is created automatically'
    TARGET: ''
        FROM: ''
            RESOURCE_EXPR: ''
                "empty": 'EMPTY'
        ACTION_EXPR: ''
            "empty": 'EMPTY'
        SUBJECT_EXPR: ''
            "empty": 'EMPTY'
    EFFECT_CLAUSE: 'DO'
        EFFECT_TYPE: 'DENY'
