"policy": 'policy'
    IDENTIFIER: 'first_policy'
    "description": 'this policy is simple'
    TARGET: ''
        FROM: ''
            RESOURCE_EXPR: ''
                STAR: '*'
        ACTION_EXPR: ''
            STAR: '*'
        SUBJECT_EXPR: ''
            STAR: '*'
    EFFECT_CLAUSE: 'DO'
        EFFECT_TYPE: 'DENY'
"policy": 'policy'
    IDENTIFIER: 'first_policy_v2'
    "description": 'this policy is also trivial'
    "attribute": 'attribute'
        IDENTIFIER: 'governance'
    EFFECT_CLAUSE: 'DO'
        EFFECT_TYPE: 'CONFIRM'
        QUOTED_STRING: 'Possible jail time: 10 years'
    TARGET: ''
        FROM: ''
            RESOURCE_EXPR: ''
                STAR: '*'
        ACTION_EXPR: ''
            STAR: '*'
        "to": ''
            RESOURCE_EXPR: ''
                STAR: '*'
        SUBJECT_EXPR: ''
            STAR: '*'
    OBLIGATION_CLAUSE: ''
        "on": 'ON'
            EFFECT_TYPE: 'DENY'
        OBLIGATION: ''
            "log": 'LOG'
                QUOTED_STRING: 'Access denied'
        OBLIGATION: ''
            CUSTOM_OBLIGATION: ''
                IDENTIFIER: 'DONOTLOG'
    OBLIGATION_CLAUSE: ''
        "on": 'ON'
            EFFECT_TYPE: 'ALLOW'
        OBLIGATION: ''
            "log": 'LOG'
                QUOTED_STRING: 'Access granted'
        OBLIGATION: ''
            CUSTOM_OBLIGATION: ''
                IDENTIFIER: 'DONOTLOG'
