"policy": 'policy'
    IDENTIFIER: 'multirule'
    "description": 'this description belongs to the policy'
    "rule": 'RULE'
        "description": 'This description belongs to the first rule'
        TARGET: ''
            FROM: ''
                RESOURCE_EXPR: ''
                    STAR: '*'
            ACTION_EXPR: ''
                STAR: '*'
            SUBJECT_EXPR: ''
                STAR: '*'
        EFFECT_CLAUSE: 'DO'
            EFFECT_TYPE: 'DENY'
    "rule": 'RULE'
        "description": 'This description belongs to the second rule'
        TARGET: ''
            FROM: ''
                RESOURCE_EXPR: ''
                    STAR: '*'
            ACTION_EXPR: ''
                STAR: '*'
            SUBJECT_EXPR: ''
                STAR: '*'
        EFFECT_CLAUSE: 'DO'
            EFFECT_TYPE: 'DENY'
    "rule": 'RULE'
        "description": 'This description belongs to the third rule'
        TARGET: ''
            FROM: ''
                RESOURCE_EXPR: ''
                    STAR: '*'
            ACTION_EXPR: ''
                STAR: '*'
            SUBJECT_EXPR: ''
                STAR: '*'
        EFFECT_CLAUSE: 'DO'
            EFFECT_TYPE: 'DENY'
