"policy": 'policy'
    IDENTIFIER: 'complex'
    "rule": 'RULE'
        "description": 'This description belongs to the first rule'
        TARGET: ''
            FROM: ''
                RESOURCE_EXPR: ''
                    STAR: '*'
            ACTION_EXPR: ''
                STAR: '*'
            SUBJECT_EXPR: ''
                STAR: '*'
        "description": 'another description - syntax allows for it :-)'
        "where": 'WHERE'
            RELATION_OP: '!='
                IDENTIFIER: 'CURRENT_TIME'
                QUOTED_STRING: '01/02/03 00:00:00'
        "where": 'WHERE'
            RELATION_OP: '>='
                IDENTIFIER: 'CURRENT_TIME'
                QUOTED_STRING: '01/02/03 00:00:00'
        "where": 'WHERE'
            RELATION_OP: '<='
                IDENTIFIER: 'CURRENT_TIME'
                QUOTED_STRING: '01/02/03 00:00:00'
        "where": 'WHERE'
            RELATION_OP: '>'
                IDENTIFIER: 'CURRENT_TIME'
                QUOTED_STRING: '01/02/03 00:00:00'
        "where": 'WHERE'
            RELATION_OP: '<'
                IDENTIFIER: 'CURRENT_TIME'
                QUOTED_STRING: '01/02/03 00:00:00'
        "where": 'WHERE'
            RELATION_OP: '='
                IDENTIFIER: 'CURRENT_TIME'
                QUOTED_STRING: '01/02/03 00:00:00'
        "where": 'WHERE'
            RELATION_OP: '='
                IDENTIFIER: 'CURRENT_TIME'
                QUOTED_STRING: '01/02/03 00:00:00'
        EFFECT_CLAUSE: 'DO'
            EFFECT_TYPE: 'DENY'
        "description": 'yet another description'
        "description": 'I can have as many descriptions as I see fit (the compiler will reject most of them :-)'
        OBLIGATION_CLAUSE: ''
            "on": 'ON'
                "local": 'LOCAL'
                EFFECT_TYPE: 'DENY'
            OBLIGATION: ''
                CUSTOM_OBLIGATION: ''
                    IDENTIFIER: 'something'
        OBLIGATION_CLAUSE: ''
            "on": 'ON'
                EFFECT_TYPE: 'ALLOW'
            OBLIGATION: ''
                "log": 'LOG'
                    QUOTED_STRING: 'Yes!'
                    IDENTIFIER: 'of_course'
        "default": 'DEFAULT'
            EFFECT_CLAUSE: 'DO'
                EFFECT_TYPE: 'CONFIRM'
                QUOTED_STRING: 'Are you sure?'
        "default": 'DEFAULT'
            EFFECT_CLAUSE: 'DO'
                EFFECT_TYPE: 'CONFIRM'
                QUOTED_STRING: 'Are you really sure?'
        "description": 'It's OK to have a description at the end...'
    "rule": 'RULE'
        "description": 'This description belongs to the second rule'
        TARGET: ''
            FROM: ''
                RESOURCE_EXPR: ''
                    STAR: '*'
            ACTION_EXPR: ''
                STAR: '*'
            SUBJECT_EXPR: ''
                STAR: '*'
        EFFECT_CLAUSE: 'DO'
            EFFECT_TYPE: 'DENY'
    "rule": 'RULE'
        "description": 'This description belongs to the third rule'
        TARGET: ''
            FROM: ''
                RESOURCE_EXPR: ''
                    STAR: '*'
            ACTION_EXPR: ''
                STAR: '*'
            SUBJECT_EXPR: ''
                STAR: '*'
        EFFECT_CLAUSE: 'DO'
            EFFECT_TYPE: 'DENY'
