"policy": 'policy'
    IDENTIFIER: 'nonReadablePolicy'
    TARGET: ''
        FROM: ''
            RESOURCE_EXPR: ''
                "and": ''
                    IDNUMBER: '123'
                    IDNUMBER: '234'
        ACTION_EXPR: ''
            IDNUMBER: '345'
        "to": ''
            RESOURCE_EXPR: ''
                "not": 'NOT'
                    IDNUMBER: '456'
        SUBJECT_EXPR: ''
            "or": ''
                IDNUMBER: '567'
                "and": ''
                    IDNUMBER: '678'
                    IDNUMBER: '789'
    EFFECT_CLAUSE: 'DO'
        EFFECT_TYPE: 'DENY'
