"policy": 'policy'
    IDENTIFIER: 'deploy_everywhere'
    TARGET: ''
        FROM: ''
            RESOURCE_EXPR: ''
                STAR: '*'
        ACTION_EXPR: ''
            STAR: '*'
        SUBJECT_EXPR: ''
            STAR: '*'
    EFFECT_CLAUSE: 'do'
        EFFECT_TYPE: 'allow'
    "deployed": 'deployed'
        "or": ''
            "and": ''
                STAR: '*'
                RELATION_OP: '='
                    DOT_EXPRESSION: ''
                        IDENTIFIER: 'agent'
                        IDENTIFIER: 'type'
                    IDENTIFIER: 'fsa'
            "and": ''
                STAR: '*'
                RELATION_OP: '='
                    DOT_EXPRESSION: ''
                        IDENTIFIER: 'agent'
                        IDENTIFIER: 'type'
                    IDENTIFIER: 'da'
            "and": ''
                RELATION_OP: '='
                    DOT_EXPRESSION: ''
                        IDENTIFIER: 'host'
                        IDENTIFIER: 'name'
                    QUOTED_STRING: 'foofoo'
                RELATION_OP: '='
                    DOT_EXPRESSION: ''
                        IDENTIFIER: 'agent'
                        IDENTIFIER: 'type'
                    IDENTIFIER: 'da'
"policy": 'policy'
    IDENTIFIER: 'deploy_somewhere'
    TARGET: ''
        FROM: ''
            RESOURCE_EXPR: ''
                STAR: '*'
        ACTION_EXPR: ''
            STAR: '*'
        SUBJECT_EXPR: ''
            STAR: '*'
    EFFECT_CLAUSE: 'do'
        EFFECT_TYPE: 'allow'
    "deployed": 'deployed'
        RELATION_OP: '='
            DOT_EXPRESSION: ''
                IDENTIFIER: 'agent'
                IDENTIFIER: 'id'
            INTEGER: '2345'
"policy": 'policy'
    IDENTIFIER: 'deploy_somewhere_else'
    TARGET: ''
        FROM: ''
            RESOURCE_EXPR: ''
                STAR: '*'
        ACTION_EXPR: ''
            STAR: '*'
        SUBJECT_EXPR: ''
            STAR: '*'
    EFFECT_CLAUSE: 'do'
        EFFECT_TYPE: 'allow'
    "deployed": 'deployed'
        "false": 'FALSE'
