"deployment_spec": 'deployment_spec'
    DEPLOYMENT_SPEC_NAME: 'empty_spec'
    "description": 'this is an empty spec'
"deployment_spec": 'deployment_spec'
    DEPLOYMENT_SPEC_NAME: 'single'
    "description": 'this spec has one item'
    "deploy": 'deploy'
        "policyset": 'policyset'
            POLICYSET_NAME: 'policyset_x'
        "on": 'on'
            HOST_GROUP_NAME: 'hostgroup_y'
"deployment_spec": 'deployment_spec'
    DEPLOYMENT_SPEC_NAME: 'multiple'
    "description": 'this spec has one item'
    "deploy": 'deploy'
        "policyset": 'policyset'
            POLICYSET_NAME: 'policyset_x'
        "on": 'on'
            HOST_NAME: 'a'
            HOST_NAME: 'b'
            HOST_NAME: 'c'
    "deploy": 'deploy'
        "policyset": 'policyset'
            POLICYSET_NAME: 'policyset_y'
        "on": 'on'
            STAR: '*'
    "deploy": 'deploy'
        "policyset": 'policyset'
            POLICYSET_NAME: 'policyset_y'
        "on": 'on'
            STAR: '*'
    "deploy": 'deploy'
        "policyset": 'policyset'
            POLICYSET_NAME: 'policyset_y'
        "on": 'on'
            HOST_NAME: 'a'
            HOST_NAME: 'b'
            HOST_NAME: 'c'
    "deploy": 'deploy'
        "policyset": 'policyset'
            POLICYSET_NAME: 'policyset_y'
        "on": 'on'
            HOST_GROUP_NAME: 'A'
            HOST_GROUP_NAME: 'B'
            HOST_GROUP_NAME: 'C'
            HOST_NAME: 'a'
            HOST_NAME: 'b'
            HOST_NAME: 'c'
