"deployment_spec": 'deployment_spec'
    DEPLOYMENT_SPEC_NAME: 'with_activations'
    "description": 'this spec has several items and activation records'
    "deploy": 'deploy'
        "policy": 'policy'
            POLICY_NAME: 'x'
            POLICY_NAME: 'y'
            POLICY_NAME: 'z'
        "on": 'on'
            HOST_NAME: 'a'
            HOST_NAME: 'b'
            HOST_NAME: 'c'
    "deploy": 'deploy'
        "policyset": 'policyset'
            POLICYSET_NAME: 'X'
            POLICYSET_NAME: 'Y'
            POLICYSET_NAME: 'Z'
        "on": 'on'
            HOST_NAME: 'A'
            HOST_NAME: 'B'
            HOST_NAME: 'C'
    ACTIVATION_INFO: ''
        "policy": 'policy'
            POLICY_NAME: 'x'
            POLICY_NAME: 'a'
        "activate": 'activate'
            QUOTED_STRING: '1/1/2005'
        "deactivate": ''
            QUOTED_STRING: '1/2/2005'
    ACTIVATION_INFO: ''
        "policy": 'policy'
            POLICY_NAME: 'y'
            POLICY_NAME: 'a'
        "activate": 'activate'
            QUOTED_STRING: '1/1/2005'
        "deactivate": ''
    ACTIVATION_INFO: ''
        "policy": 'policy'
            POLICY_NAME: 'z'
        "activate": ''
        "deactivate": 'deactivate'
            QUOTED_STRING: '1/2/2003'
    ACTIVATION_INFO: ''
        "policyset": 'policyset'
            POLICYSET_NAME: 'X'
        "activate": 'activate'
            QUOTED_STRING: '1/1/2005'
        "deactivate": ''
            QUOTED_STRING: '1/2/2005'
    ACTIVATION_INFO: ''
        "policyset": 'policyset'
            POLICYSET_NAME: 'Y'
            POLICYSET_NAME: 'A'
        "activate": 'activate'
            QUOTED_STRING: '1/1/2005'
        "deactivate": ''
    ACTIVATION_INFO: ''
        "policyset": 'policyset'
            POLICYSET_NAME: 'Z'
        "activate": ''
        "deactivate": 'deactivate'
            QUOTED_STRING: '1/2/2003'
