ID 123 STATUS DRAFT COMPONENT big_composite = 
DESCRIPTION "blah blah blah"
((resource.fso.name != "foo.txt" AND resource.fso.name = "bar.doc") OR (resource.fso.type != "PERL" AND resource.fso.type = "JAVA") OR (resource.fso.directory != "FOO" AND resource.fso.directory = "BAR") OR (resource.fso.size = 100 AND resource.fso.size = 100 AND resource.fso.size < 1000 AND resource.fso.size > 10 AND resource.fso.size <= 100 AND resource.fso.size >= 100 AND "custom" != null) OR (TRUE AND FALSE))


================ Re-parsed PQL =================

ANNOTATED_DEFINITION: ''
    ANNOTATIONS: ''
        IDNUMBER: '123'
        "status": 'DRAFT'
        CREATOR_ATTRIBUTE: 'empty'
        ACCESS_CONTROL_POLICY: ''
            "empty": ''
            "empty": ''
            "empty": ''
    "component": 'COMPONENT'
        IDENTIFIER: 'big_composite'
        "description": 'blah blah blah'
        COMPONENT_EXPR: ''
            "or": ''
                "and": ''
                    RELATION_OP: '!='
                        DOT_EXPRESSION: ''
                            IDENTIFIER: 'resource'
                            IDENTIFIER: 'fso'
                            IDENTIFIER: 'name'
                        QUOTED_STRING: 'foo.txt'
                    RELATION_OP: '='
                        DOT_EXPRESSION: ''
                            IDENTIFIER: 'resource'
                            IDENTIFIER: 'fso'
                            IDENTIFIER: 'name'
                        QUOTED_STRING: 'bar.doc'
                "and": ''
                    RELATION_OP: '!='
                        DOT_EXPRESSION: ''
                            IDENTIFIER: 'resource'
                            IDENTIFIER: 'fso'
                            IDENTIFIER: 'type'
                        QUOTED_STRING: 'PERL'
                    RELATION_OP: '='
                        DOT_EXPRESSION: ''
                            IDENTIFIER: 'resource'
                            IDENTIFIER: 'fso'
                            IDENTIFIER: 'type'
                        QUOTED_STRING: 'JAVA'
                "and": ''
                    RELATION_OP: '!='
                        DOT_EXPRESSION: ''
                            IDENTIFIER: 'resource'
                            IDENTIFIER: 'fso'
                            IDENTIFIER: 'directory'
                        QUOTED_STRING: 'FOO'
                    RELATION_OP: '='
                        DOT_EXPRESSION: ''
                            IDENTIFIER: 'resource'
                            IDENTIFIER: 'fso'
                            IDENTIFIER: 'directory'
                        QUOTED_STRING: 'BAR'
                "and": ''
                    RELATION_OP: '='
                        DOT_EXPRESSION: ''
                            IDENTIFIER: 'resource'
                            IDENTIFIER: 'fso'
                            IDENTIFIER: 'size'
                        INTEGER: '100'
                    RELATION_OP: '='
                        DOT_EXPRESSION: ''
                            IDENTIFIER: 'resource'
                            IDENTIFIER: 'fso'
                            IDENTIFIER: 'size'
                        INTEGER: '100'
                    RELATION_OP: '<'
                        DOT_EXPRESSION: ''
                            IDENTIFIER: 'resource'
                            IDENTIFIER: 'fso'
                            IDENTIFIER: 'size'
                        INTEGER: '1000'
                    RELATION_OP: '>'
                        DOT_EXPRESSION: ''
                            IDENTIFIER: 'resource'
                            IDENTIFIER: 'fso'
                            IDENTIFIER: 'size'
                        INTEGER: '10'
                    RELATION_OP: '<='
                        DOT_EXPRESSION: ''
                            IDENTIFIER: 'resource'
                            IDENTIFIER: 'fso'
                            IDENTIFIER: 'size'
                        INTEGER: '100'
                    RELATION_OP: '>='
                        DOT_EXPRESSION: ''
                            IDENTIFIER: 'resource'
                            IDENTIFIER: 'fso'
                            IDENTIFIER: 'size'
                        INTEGER: '100'
                    RELATION_OP: '!='
                        QUOTED_STRING: 'custom'
                        "null": 'null'
                "and": ''
                    "true": 'TRUE'
                    "false": 'FALSE'
