ID null COMPONENT r0 = resource.portal.name = "abc"
ID null COMPONENT r1 = resource.portal.created = "1/2/2007"
ID null COMPONENT r2 = resource.portal.modified = "2/2/2007"
ID null COMPONENT r3 = resource.portal.created_by = "S-1-05-2834"
ID null COMPONENT r4 = resource.portal.modified_by = "S-1-05-2835"
ID null COMPONENT r5 = resource.portal.file_size = "12346"
ID null COMPONENT r6 = resource.portal.title = "ASDFG"
ID null COMPONENT r7 = resource.portal.desc = "this was supposed to be 'Description'"
ID null COMPONENT r8 = resource.portal.subtype = "subtype"
ID null COMPONENT r9 = resource.portal.type = "type"
ID null COMPONENT r10 = resource.portal.url = "https://localhost/admin:8444"
ID null COMPONENT r11 = resource.portal."description" = "abc"
ID null COMPONENT r12 = resource.portal."status" = "abc"


================ Re-parsed PQL =================

ANNOTATED_DEFINITION: ''
    ANNOTATIONS: ''
        IDNUMBER: 'null'
        "status": 'empty'
        CREATOR_ATTRIBUTE: 'empty'
        ACCESS_CONTROL_POLICY: ''
            "empty": ''
            "empty": ''
            "empty": ''
    "component": 'COMPONENT'
        IDENTIFIER: 'r0'
        COMPONENT_EXPR: ''
            RELATION_OP: '='
                DOT_EXPRESSION: ''
                    IDENTIFIER: 'resource'
                    IDENTIFIER: 'portal'
                    IDENTIFIER: 'name'
                QUOTED_STRING: 'abc'
ANNOTATED_DEFINITION: ''
    ANNOTATIONS: ''
        IDNUMBER: 'null'
        "status": 'empty'
        CREATOR_ATTRIBUTE: 'empty'
        ACCESS_CONTROL_POLICY: ''
            "empty": ''
            "empty": ''
            "empty": ''
    "component": 'COMPONENT'
        IDENTIFIER: 'r1'
        COMPONENT_EXPR: ''
            RELATION_OP: '='
                DOT_EXPRESSION: ''
                    IDENTIFIER: 'resource'
                    IDENTIFIER: 'portal'
                    IDENTIFIER: 'created'
                QUOTED_STRING: '1/2/2007'
ANNOTATED_DEFINITION: ''
    ANNOTATIONS: ''
        IDNUMBER: 'null'
        "status": 'empty'
        CREATOR_ATTRIBUTE: 'empty'
        ACCESS_CONTROL_POLICY: ''
            "empty": ''
            "empty": ''
            "empty": ''
    "component": 'COMPONENT'
        IDENTIFIER: 'r2'
        COMPONENT_EXPR: ''
            RELATION_OP: '='
                DOT_EXPRESSION: ''
                    IDENTIFIER: 'resource'
                    IDENTIFIER: 'portal'
                    IDENTIFIER: 'modified'
                QUOTED_STRING: '2/2/2007'
ANNOTATED_DEFINITION: ''
    ANNOTATIONS: ''
        IDNUMBER: 'null'
        "status": 'empty'
        CREATOR_ATTRIBUTE: 'empty'
        ACCESS_CONTROL_POLICY: ''
            "empty": ''
            "empty": ''
            "empty": ''
    "component": 'COMPONENT'
        IDENTIFIER: 'r3'
        COMPONENT_EXPR: ''
            RELATION_OP: '='
                DOT_EXPRESSION: ''
                    IDENTIFIER: 'resource'
                    IDENTIFIER: 'portal'
                    IDENTIFIER: 'created_by'
                QUOTED_STRING: 'S-1-05-2834'
ANNOTATED_DEFINITION: ''
    ANNOTATIONS: ''
        IDNUMBER: 'null'
        "status": 'empty'
        CREATOR_ATTRIBUTE: 'empty'
        ACCESS_CONTROL_POLICY: ''
            "empty": ''
            "empty": ''
            "empty": ''
    "component": 'COMPONENT'
        IDENTIFIER: 'r4'
        COMPONENT_EXPR: ''
            RELATION_OP: '='
                DOT_EXPRESSION: ''
                    IDENTIFIER: 'resource'
                    IDENTIFIER: 'portal'
                    IDENTIFIER: 'modified_by'
                QUOTED_STRING: 'S-1-05-2835'
ANNOTATED_DEFINITION: ''
    ANNOTATIONS: ''
        IDNUMBER: 'null'
        "status": 'empty'
        CREATOR_ATTRIBUTE: 'empty'
        ACCESS_CONTROL_POLICY: ''
            "empty": ''
            "empty": ''
            "empty": ''
    "component": 'COMPONENT'
        IDENTIFIER: 'r5'
        COMPONENT_EXPR: ''
            RELATION_OP: '='
                DOT_EXPRESSION: ''
                    IDENTIFIER: 'resource'
                    IDENTIFIER: 'portal'
                    IDENTIFIER: 'file_size'
                QUOTED_STRING: '12346'
ANNOTATED_DEFINITION: ''
    ANNOTATIONS: ''
        IDNUMBER: 'null'
        "status": 'empty'
        CREATOR_ATTRIBUTE: 'empty'
        ACCESS_CONTROL_POLICY: ''
            "empty": ''
            "empty": ''
            "empty": ''
    "component": 'COMPONENT'
        IDENTIFIER: 'r6'
        COMPONENT_EXPR: ''
            RELATION_OP: '='
                DOT_EXPRESSION: ''
                    IDENTIFIER: 'resource'
                    IDENTIFIER: 'portal'
                    IDENTIFIER: 'title'
                QUOTED_STRING: 'ASDFG'
ANNOTATED_DEFINITION: ''
    ANNOTATIONS: ''
        IDNUMBER: 'null'
        "status": 'empty'
        CREATOR_ATTRIBUTE: 'empty'
        ACCESS_CONTROL_POLICY: ''
            "empty": ''
            "empty": ''
            "empty": ''
    "component": 'COMPONENT'
        IDENTIFIER: 'r7'
        COMPONENT_EXPR: ''
            RELATION_OP: '='
                DOT_EXPRESSION: ''
                    IDENTIFIER: 'resource'
                    IDENTIFIER: 'portal'
                    IDENTIFIER: 'desc'
                QUOTED_STRING: 'this was supposed to be 'Description''
ANNOTATED_DEFINITION: ''
    ANNOTATIONS: ''
        IDNUMBER: 'null'
        "status": 'empty'
        CREATOR_ATTRIBUTE: 'empty'
        ACCESS_CONTROL_POLICY: ''
            "empty": ''
            "empty": ''
            "empty": ''
    "component": 'COMPONENT'
        IDENTIFIER: 'r8'
        COMPONENT_EXPR: ''
            RELATION_OP: '='
                DOT_EXPRESSION: ''
                    IDENTIFIER: 'resource'
                    IDENTIFIER: 'portal'
                    IDENTIFIER: 'subtype'
                QUOTED_STRING: 'subtype'
ANNOTATED_DEFINITION: ''
    ANNOTATIONS: ''
        IDNUMBER: 'null'
        "status": 'empty'
        CREATOR_ATTRIBUTE: 'empty'
        ACCESS_CONTROL_POLICY: ''
            "empty": ''
            "empty": ''
            "empty": ''
    "component": 'COMPONENT'
        IDENTIFIER: 'r9'
        COMPONENT_EXPR: ''
            RELATION_OP: '='
                DOT_EXPRESSION: ''
                    IDENTIFIER: 'resource'
                    IDENTIFIER: 'portal'
                    IDENTIFIER: 'type'
                QUOTED_STRING: 'type'
ANNOTATED_DEFINITION: ''
    ANNOTATIONS: ''
        IDNUMBER: 'null'
        "status": 'empty'
        CREATOR_ATTRIBUTE: 'empty'
        ACCESS_CONTROL_POLICY: ''
            "empty": ''
            "empty": ''
            "empty": ''
    "component": 'COMPONENT'
        IDENTIFIER: 'r10'
        COMPONENT_EXPR: ''
            RELATION_OP: '='
                DOT_EXPRESSION: ''
                    IDENTIFIER: 'resource'
                    IDENTIFIER: 'portal'
                    IDENTIFIER: 'url'
                QUOTED_STRING: 'https://localhost/admin:8444'
ANNOTATED_DEFINITION: ''
    ANNOTATIONS: ''
        IDNUMBER: 'null'
        "status": 'empty'
        CREATOR_ATTRIBUTE: 'empty'
        ACCESS_CONTROL_POLICY: ''
            "empty": ''
            "empty": ''
            "empty": ''
    "component": 'COMPONENT'
        IDENTIFIER: 'r11'
        COMPONENT_EXPR: ''
            RELATION_OP: '='
                DOT_EXPRESSION: ''
                    IDENTIFIER: 'resource'
                    IDENTIFIER: 'portal'
                    IDENTIFIER: 'description'
                QUOTED_STRING: 'abc'
ANNOTATED_DEFINITION: ''
    ANNOTATIONS: ''
        IDNUMBER: 'null'
        "status": 'empty'
        CREATOR_ATTRIBUTE: 'empty'
        ACCESS_CONTROL_POLICY: ''
            "empty": ''
            "empty": ''
            "empty": ''
    "component": 'COMPONENT'
        IDENTIFIER: 'r12'
        COMPONENT_EXPR: ''
            RELATION_OP: '='
                DOT_EXPRESSION: ''
                    IDENTIFIER: 'resource'
                    IDENTIFIER: 'portal'
                    IDENTIFIER: 'status'
                QUOTED_STRING: 'abc'
