ID null COMPONENT r0 = resource.unknown1.name1 = "abc"
ID null COMPONENT r1 = resource.unknown2.created2 = "1/2/2007"
ID null COMPONENT r2 = resource.porta.modified = "2/2/2007"
ID null COMPONENT r3 = resource.fxo.created_by = "S-1-05-2834"


================ Re-parsed PQL =================

ANNOTATED_DEFINITION: ''
    ANNOTATIONS: ''
        IDNUMBER: 'null'
        "status": 'empty'
        CREATOR_ATTRIBUTE: 'empty'
        ACCESS_CONTROL_POLICY: ''
            "empty": ''
            "empty": ''
            "empty": ''
    "component": 'COMPONENT'
        IDENTIFIER: 'r0'
        COMPONENT_EXPR: ''
            RELATION_OP: '='
                DOT_EXPRESSION: ''
                    IDENTIFIER: 'resource'
                    IDENTIFIER: 'unknown1'
                    IDENTIFIER: 'name1'
                QUOTED_STRING: 'abc'
ANNOTATED_DEFINITION: ''
    ANNOTATIONS: ''
        IDNUMBER: 'null'
        "status": 'empty'
        CREATOR_ATTRIBUTE: 'empty'
        ACCESS_CONTROL_POLICY: ''
            "empty": ''
            "empty": ''
            "empty": ''
    "component": 'COMPONENT'
        IDENTIFIER: 'r1'
        COMPONENT_EXPR: ''
            RELATION_OP: '='
                DOT_EXPRESSION: ''
                    IDENTIFIER: 'resource'
                    IDENTIFIER: 'unknown2'
                    IDENTIFIER: 'created2'
                QUOTED_STRING: '1/2/2007'
ANNOTATED_DEFINITION: ''
    ANNOTATIONS: ''
        IDNUMBER: 'null'
        "status": 'empty'
        CREATOR_ATTRIBUTE: 'empty'
        ACCESS_CONTROL_POLICY: ''
            "empty": ''
            "empty": ''
            "empty": ''
    "component": 'COMPONENT'
        IDENTIFIER: 'r2'
        COMPONENT_EXPR: ''
            RELATION_OP: '='
                DOT_EXPRESSION: ''
                    IDENTIFIER: 'resource'
                    IDENTIFIER: 'porta'
                    IDENTIFIER: 'modified'
                QUOTED_STRING: '2/2/2007'
ANNOTATED_DEFINITION: ''
    ANNOTATIONS: ''
        IDNUMBER: 'null'
        "status": 'empty'
        CREATOR_ATTRIBUTE: 'empty'
        ACCESS_CONTROL_POLICY: ''
            "empty": ''
            "empty": ''
            "empty": ''
    "component": 'COMPONENT'
        IDENTIFIER: 'r3'
        COMPONENT_EXPR: ''
            RELATION_OP: '='
                DOT_EXPRESSION: ''
                    IDENTIFIER: 'resource'
                    IDENTIFIER: 'fxo'
                    IDENTIFIER: 'created_by'
                QUOTED_STRING: 'S-1-05-2834'
