ID null COMPONENT spamware = (application.name = "iSpam" OR GROUP="spamWorld")


================ Re-parsed PQL =================

ANNOTATED_DEFINITION: ''
    ANNOTATIONS: ''
        IDNUMBER: 'null'
        "status": 'empty'
        CREATOR_ATTRIBUTE: 'empty'
        ACCESS_CONTROL_POLICY: ''
            "empty": ''
            "empty": ''
            "empty": ''
    "component": 'COMPONENT'
        IDENTIFIER: 'spamware'
        COMPONENT_EXPR: ''
            "or": ''
                RELATION_OP: '='
                    DOT_EXPRESSION: ''
                        IDENTIFIER: 'application'
                        IDENTIFIER: 'name'
                    QUOTED_STRING: 'iSpam'
                RELATION_OP: '='
                    IDENTIFIER: 'GROUP'
                    QUOTED_STRING: 'spamWorld'
