ID 123 STATUS EMPTY HIDDEN COMPONENT subj_expr = (user.name >= "1" AND NOT (user.name > ".01") AND NOT ((user.name <= "100.001" AND user.name = "me" AND user.name < "1/1/01" AND TRUE AND FALSE)))


================ Re-parsed PQL =================

ANNOTATED_DEFINITION: ''
    ANNOTATIONS: ''
        IDNUMBER: '123'
        "status": 'EMPTY'
        CREATOR_ATTRIBUTE: 'empty'
        ACCESS_CONTROL_POLICY: ''
            "empty": ''
            "empty": ''
            "empty": ''
        "hidden": 'HIDDEN'
    "component": 'COMPONENT'
        IDENTIFIER: 'subj_expr'
        COMPONENT_EXPR: ''
            "and": ''
                RELATION_OP: '>='
                    DOT_EXPRESSION: ''
                        IDENTIFIER: 'user'
                        IDENTIFIER: 'name'
                    QUOTED_STRING: '1'
                "not": 'NOT'
                    RELATION_OP: '>'
                        DOT_EXPRESSION: ''
                            IDENTIFIER: 'user'
                            IDENTIFIER: 'name'
                        QUOTED_STRING: '.01'
                "not": 'NOT'
                    "and": ''
                        RELATION_OP: '<='
                            DOT_EXPRESSION: ''
                                IDENTIFIER: 'user'
                                IDENTIFIER: 'name'
                            QUOTED_STRING: '100.001'
                        RELATION_OP: '='
                            DOT_EXPRESSION: ''
                                IDENTIFIER: 'user'
                                IDENTIFIER: 'name'
                            QUOTED_STRING: 'me'
                        RELATION_OP: '<'
                            DOT_EXPRESSION: ''
                                IDENTIFIER: 'user'
                                IDENTIFIER: 'name'
                            QUOTED_STRING: '1/1/01'
                        "true": 'TRUE'
                        "false": 'FALSE'
