ID null COMPONENT secret_host = (host.name = "secret" OR host.name = "TOP-SECRET" OR host.inet_address = "1.2.3.4/24" OR host.location = roswell)


================ Re-parsed PQL =================

ANNOTATED_DEFINITION: ''
    ANNOTATIONS: ''
        IDNUMBER: 'null'
        "status": 'empty'
        CREATOR_ATTRIBUTE: 'empty'
        ACCESS_CONTROL_POLICY: ''
            "empty": ''
            "empty": ''
            "empty": ''
    "component": 'COMPONENT'
        IDENTIFIER: 'secret_host'
        COMPONENT_EXPR: ''
            "or": ''
                RELATION_OP: '='
                    DOT_EXPRESSION: ''
                        IDENTIFIER: 'host'
                        IDENTIFIER: 'name'
                    QUOTED_STRING: 'secret'
                RELATION_OP: '='
                    DOT_EXPRESSION: ''
                        IDENTIFIER: 'host'
                        IDENTIFIER: 'name'
                    QUOTED_STRING: 'TOP-SECRET'
                RELATION_OP: '='
                    DOT_EXPRESSION: ''
                        IDENTIFIER: 'host'
                        IDENTIFIER: 'inet_address'
                    QUOTED_STRING: '1.2.3.4/24'
                RELATION_OP: '='
                    DOT_EXPRESSION: ''
                        IDENTIFIER: 'host'
                        IDENTIFIER: 'location'
                    IDENTIFIER: 'roswell'
