ID null COMPONENT subj_expr = (user.email = "1" AND user.email = "2" AND host.email = "3" AND host.email = "4" AND application.email = "5" AND application.email = "6")


================ Re-parsed PQL =================

ANNOTATED_DEFINITION: ''
    ANNOTATIONS: ''
        IDNUMBER: 'null'
        "status": 'empty'
        CREATOR_ATTRIBUTE: 'empty'
        ACCESS_CONTROL_POLICY: ''
            "empty": ''
            "empty": ''
            "empty": ''
    "component": 'COMPONENT'
        IDENTIFIER: 'subj_expr'
        COMPONENT_EXPR: ''
            "and": ''
                RELATION_OP: '='
                    DOT_EXPRESSION: ''
                        IDENTIFIER: 'user'
                        IDENTIFIER: 'email'
                    QUOTED_STRING: '1'
                RELATION_OP: '='
                    DOT_EXPRESSION: ''
                        IDENTIFIER: 'user'
                        IDENTIFIER: 'email'
                    QUOTED_STRING: '2'
                RELATION_OP: '='
                    DOT_EXPRESSION: ''
                        IDENTIFIER: 'host'
                        IDENTIFIER: 'email'
                    QUOTED_STRING: '3'
                RELATION_OP: '='
                    DOT_EXPRESSION: ''
                        IDENTIFIER: 'host'
                        IDENTIFIER: 'email'
                    QUOTED_STRING: '4'
                RELATION_OP: '='
                    DOT_EXPRESSION: ''
                        IDENTIFIER: 'application'
                        IDENTIFIER: 'email'
                    QUOTED_STRING: '5'
                RELATION_OP: '='
                    DOT_EXPRESSION: ''
                        IDENTIFIER: 'application'
                        IDENTIFIER: 'email'
                    QUOTED_STRING: '6'
