"policy": 'policy'
    IDENTIFIER: 'remote_1'
    TARGET: ''
        FROM: ''
            RESOURCE_EXPR: ''
                "false": 'FALSE'
        ACTION_EXPR: ''
            "false": 'FALSE'
        SUBJECT_EXPR: ''
            "false": 'FALSE'
    "where": 'WHERE'
        RELATION_OP: '>'
            IDENTIFIER: 'REMOTE_ACCESS'
            INTEGER: '1'
    EFFECT_CLAUSE: 'DO'
        EFFECT_TYPE: 'DENY'
"policy": 'policy'
    IDENTIFIER: 'remote_2'
    TARGET: ''
        FROM: ''
            RESOURCE_EXPR: ''
                "false": 'FALSE'
        ACTION_EXPR: ''
            "false": 'FALSE'
        SUBJECT_EXPR: ''
            "false": 'FALSE'
    "where": 'WHERE'
        RELATION_OP: '>'
            IDENTIFIER: 'REMOTE_ACCESS'
            QUOTED_STRING: '1'
    EFFECT_CLAUSE: 'DO'
        EFFECT_TYPE: 'DENY'
"policy": 'policy'
    IDENTIFIER: 'remote_3'
    TARGET: ''
        FROM: ''
            RESOURCE_EXPR: ''
                "false": 'FALSE'
        ACTION_EXPR: ''
            "false": 'FALSE'
        SUBJECT_EXPR: ''
            "false": 'FALSE'
    "where": 'WHERE'
        RELATION_OP: '='
            IDENTIFIER: 'REMOTE_ACCESS'
            INTEGER: '0'
    EFFECT_CLAUSE: 'DO'
        EFFECT_TYPE: 'DENY'
"policy": 'policy'
    IDENTIFIER: 'remote_4'
    TARGET: ''
        FROM: ''
            RESOURCE_EXPR: ''
                "false": 'FALSE'
        ACTION_EXPR: ''
            "false": 'FALSE'
        SUBJECT_EXPR: ''
            "false": 'FALSE'
    "where": 'WHERE'
        RELATION_OP: '<'
            IDENTIFIER: 'REMOTE_ACCESS'
            INTEGER: '1'
    EFFECT_CLAUSE: 'DO'
        EFFECT_TYPE: 'DENY'
"policy": 'policy'
    IDENTIFIER: 'remote_1a'
    TARGET: ''
        FROM: ''
            RESOURCE_EXPR: ''
                "false": 'FALSE'
        ACTION_EXPR: ''
            "false": 'FALSE'
        SUBJECT_EXPR: ''
            "false": 'FALSE'
    "where": 'WHERE'
        RELATION_OP: '>'
            DOT_EXPRESSION: ''
                IDENTIFIER: 'environment'
                IDENTIFIER: 'REMOTE_ACCESS'
            INTEGER: '1'
    EFFECT_CLAUSE: 'DO'
        EFFECT_TYPE: 'DENY'
"policy": 'policy'
    IDENTIFIER: 'remote_2a'
    TARGET: ''
        FROM: ''
            RESOURCE_EXPR: ''
                "false": 'FALSE'
        ACTION_EXPR: ''
            "false": 'FALSE'
        SUBJECT_EXPR: ''
            "false": 'FALSE'
    "where": 'WHERE'
        RELATION_OP: '>'
            DOT_EXPRESSION: ''
                IDENTIFIER: 'ENVIRONMENT'
                IDENTIFIER: 'remote_access'
            QUOTED_STRING: '1'
    EFFECT_CLAUSE: 'DO'
        EFFECT_TYPE: 'DENY'
"policy": 'policy'
    IDENTIFIER: 'remote_3a'
    TARGET: ''
        FROM: ''
            RESOURCE_EXPR: ''
                "false": 'FALSE'
        ACTION_EXPR: ''
            "false": 'FALSE'
        SUBJECT_EXPR: ''
            "false": 'FALSE'
    "where": 'WHERE'
        RELATION_OP: '='
            DOT_EXPRESSION: ''
                IDENTIFIER: 'environment'
                IDENTIFIER: 'remote_access'
            INTEGER: '0'
    EFFECT_CLAUSE: 'DO'
        EFFECT_TYPE: 'DENY'
"policy": 'policy'
    IDENTIFIER: 'remote_4a'
    TARGET: ''
        FROM: ''
            RESOURCE_EXPR: ''
                "false": 'FALSE'
        ACTION_EXPR: ''
            "false": 'FALSE'
        SUBJECT_EXPR: ''
            "false": 'FALSE'
    "where": 'WHERE'
        RELATION_OP: '<'
            DOT_EXPRESSION: ''
                IDENTIFIER: 'ENVIRONMENT'
                IDENTIFIER: 'REMOTE_ACCESS'
            INTEGER: '1'
    EFFECT_CLAUSE: 'DO'
        EFFECT_TYPE: 'DENY'
