"action": 'action'
    IDENTIFIER: 'a01'
    ACTION_EXPR: ''
        RELATION_OP: '='
            DOT_EXPRESSION: ''
                IDENTIFIER: 'action'
                IDENTIFIER: 'NAME'
            QUOTED_STRING: 'aaa'
"action": 'action'
    IDENTIFIER: 'a02'
    ACTION_EXPR: ''
        RELATION_OP: '>='
            DOT_EXPRESSION: ''
                IDENTIFIER: 'action'
                IDENTIFIER: 'GROUP'
            IDENTIFIER: 'bbb'
"action": 'action'
    IDENTIFIER: 'a03'
    ACTION_EXPR: ''
        RELATION_OP: '<='
            DOT_EXPRESSION: ''
                IDENTIFIER: 'action'
                IDENTIFIER: 'NAME'
            INTEGER: '1'
"action": 'action'
    IDENTIFIER: 'a04'
    ACTION_EXPR: ''
        RELATION_OP: '!='
            DOT_EXPRESSION: ''
                IDENTIFIER: 'action'
                IDENTIFIER: 'GROUP'
            QUOTED_STRING: 'xyZ'
"action": 'action'
    IDENTIFIER: 'a05'
    ACTION_EXPR: ''
        RELATION_OP: '<'
            DOT_EXPRESSION: ''
                IDENTIFIER: 'action'
                IDENTIFIER: 'NAME'
            QUOTED_STRING: '1/2/3333'
"action": 'action'
    IDENTIFIER: 'a06'
    ACTION_EXPR: ''
        RELATION_OP: '>'
            DOT_EXPRESSION: ''
                IDENTIFIER: 'action'
                IDENTIFIER: 'group'
            FLOATING_POINT: ''
                INTEGER: '4'
                INTEGER: '05'
"action": 'action'
    IDENTIFIER: 'a07'
    ACTION_EXPR: ''
        RELATION_OP: '>='
            DOT_EXPRESSION: ''
                IDENTIFIER: 'action'
                IDENTIFIER: 'name'
            FLOATING_POINT: ''
                INTEGER: '1'
                INTEGER: '00001'
"action": 'action'
    IDENTIFIER: 'a08'
    ACTION_EXPR: ''
        RELATION_OP: '>='
            DOT_EXPRESSION: ''
                IDENTIFIER: 'action'
                IDENTIFIER: 'GROUP'
            INTEGER: '1'
