"action": 'action'
    IDENTIFIER: 'a01'
    ACTION_EXPR: ''
        "and": ''
            "or": ''
                IDENTIFIER: 'CHANGE_PROPERTIES'
                IDENTIFIER: 'DELETE'
                IDENTIFIER: 'CREATE_NEW'
            "or": ''
                IDENTIFIER: 'EDIT_COPY'
                IDENTIFIER: 'CUT_PASTE'
"action": 'action'
    IDENTIFIER: 'a02'
    ACTION_EXPR: ''
        "or": ''
            IDENTIFIER: 'COPY_PASTE'
            IDENTIFIER: 'BATCH'
            "and": ''
                IDENTIFIER: 'BURN'
                IDENTIFIER: 'print'
            IDENTIFIER: 'eMail'
"action": 'action'
    IDENTIFIER: 'a03'
    ACTION_EXPR: ''
        "or": ''
            STAR: '*'
            STAR: '*'
            STAR: '*'
            STAR: '*'
"action": 'action'
    IDENTIFIER: 'a04'
    ACTION_EXPR: ''
        "or": ''
            IDENTIFIER: 'COPY'
            "or": ''
                IDENTIFIER: 'EMAIL'
                "and": ''
                    IDENTIFIER: 'IM'
                    "or": ''
                        IDENTIFIER: 'WEBMAIL'
                        IDENTIFIER: 'RENAME'
"action": 'action'
    IDENTIFIER: 'a05'
    ACTION_EXPR: ''
        "and": ''
            RELATION_OP: '>='
                DOT_EXPRESSION: ''
                    IDENTIFIER: 'action'
                    IDENTIFIER: 'Name'
                INTEGER: '1'
            RELATION_OP: '>'
                DOT_EXPRESSION: ''
                    IDENTIFIER: 'action'
                    IDENTIFIER: 'group'
                FLOATING_POINT: ''
                    INTEGER: '0'
                    INTEGER: '01'
            RELATION_OP: '<='
                DOT_EXPRESSION: ''
                    IDENTIFIER: 'action'
                    IDENTIFIER: 'name'
                FLOATING_POINT: ''
                    INTEGER: '100'
                    INTEGER: '001'
            RELATION_OP: '='
                DOT_EXPRESSION: ''
                    IDENTIFIER: 'action'
                    IDENTIFIER: 'group'
                QUOTED_STRING: 'me'
            RELATION_OP: '<'
                DOT_EXPRESSION: ''
                    IDENTIFIER: 'action'
                    IDENTIFIER: 'name'
                QUOTED_STRING: '1/1/01'
"action": 'action'
    IDENTIFIER: 'a06'
    ACTION_EXPR: ''
        "and": ''
            "not": 'NOT'
                RELATION_OP: '='
                    DOT_EXPRESSION: ''
                        IDENTIFIER: 'action'
                        IDENTIFIER: 'Name'
                    QUOTED_STRING: 'Unclassifiefd'
            RELATION_OP: '>'
                DOT_EXPRESSION: ''
                    IDENTIFIER: 'action'
                    IDENTIFIER: 'group'
                FLOATING_POINT: ''
                    INTEGER: '0'
                    INTEGER: '01'
"action": 'action'
    IDENTIFIER: 'a07'
    ACTION_EXPR: ''
        "not": 'NOT'
            "and": ''
                RELATION_OP: '='
                    DOT_EXPRESSION: ''
                        IDENTIFIER: 'action'
                        IDENTIFIER: 'Name'
                    QUOTED_STRING: 'Unclassifiefd'
                RELATION_OP: '>'
                    DOT_EXPRESSION: ''
                        IDENTIFIER: 'action'
                        IDENTIFIER: 'group'
                    FLOATING_POINT: ''
                        INTEGER: '0'
                        INTEGER: '01'
"action": 'action'
    IDENTIFIER: 'a08'
    ACTION_EXPR: ''
        "and": ''
            RELATION_OP: '>='
                DOT_EXPRESSION: ''
                    IDENTIFIER: 'action'
                    IDENTIFIER: 'Name'
                INTEGER: '1'
            "not": 'NOT'
                RELATION_OP: '>'
                    DOT_EXPRESSION: ''
                        IDENTIFIER: 'action'
                        IDENTIFIER: 'group'
                    FLOATING_POINT: ''
                        INTEGER: '0'
                        INTEGER: '01'
            "not": 'NOT'
                "and": ''
                    RELATION_OP: '<='
                        DOT_EXPRESSION: ''
                            IDENTIFIER: 'action'
                            IDENTIFIER: 'group'
                        FLOATING_POINT: ''
                            INTEGER: '100'
                            INTEGER: '001'
                    RELATION_OP: '='
                        DOT_EXPRESSION: ''
                            IDENTIFIER: 'action'
                            IDENTIFIER: 'name'
                        QUOTED_STRING: 'me'
                    RELATION_OP: '<'
                        DOT_EXPRESSION: ''
                            IDENTIFIER: 'action'
                            IDENTIFIER: 'group'
                        QUOTED_STRING: '1/1/01'
