"action": 'action'
    IDENTIFIER: 'a01'
    ACTION_EXPR: ''
        IDENTIFIER: 'CREATE_NEW'
"action": 'action'
    IDENTIFIER: 'a02'
    ACTION_EXPR: ''
        IDENTIFIER: 'OPEN'
"action": 'action'
    IDENTIFIER: 'a03'
    ACTION_EXPR: ''
        IDENTIFIER: 'WRITE'
"action": 'action'
    IDENTIFIER: 'a04'
    ACTION_EXPR: ''
        IDENTIFIER: 'DELETE'
"action": 'action'
    IDENTIFIER: 'a05'
    ACTION_EXPR: ''
        IDENTIFIER: 'CHANGE_PROPERTIES'
"action": 'action'
    IDENTIFIER: 'a06'
    ACTION_EXPR: ''
        IDENTIFIER: 'CHANGE_SECURITY'
"action": 'action'
    IDENTIFIER: 'a07'
    ACTION_EXPR: ''
        IDENTIFIER: 'EDIT'
"action": 'action'
    IDENTIFIER: 'a08'
    ACTION_EXPR: ''
        IDENTIFIER: 'EDIT_COPY'
"action": 'action'
    IDENTIFIER: 'a09'
    ACTION_EXPR: ''
        IDENTIFIER: 'SENDTO'
"action": 'action'
    IDENTIFIER: 'a10'
    ACTION_EXPR: ''
        IDENTIFIER: 'CUT_PASTE'
"action": 'action'
    IDENTIFIER: 'a11'
    ACTION_EXPR: ''
        IDENTIFIER: 'COPY_PASTE'
"action": 'action'
    IDENTIFIER: 'a12'
    ACTION_EXPR: ''
        IDENTIFIER: 'BATCH'
"action": 'action'
    IDENTIFIER: 'a13'
    ACTION_EXPR: ''
        IDENTIFIER: 'BURN'
"action": 'action'
    IDENTIFIER: 'a14'
    ACTION_EXPR: ''
        STAR: '*'
"action": 'action'
    IDENTIFIER: 'a15'
    ACTION_EXPR: ''
        IDENTIFIER: 'PRINT'
"action": 'action'
    IDENTIFIER: 'a16'
    ACTION_EXPR: ''
        IDENTIFIER: 'COPY'
"action": 'action'
    IDENTIFIER: 'a17'
    ACTION_EXPR: ''
        IDENTIFIER: 'EMAIL'
"action": 'action'
    IDENTIFIER: 'a18'
    ACTION_EXPR: ''
        IDENTIFIER: 'IM'
"action": 'action'
    IDENTIFIER: 'a19'
    ACTION_EXPR: ''
        IDENTIFIER: 'WEBMAIL'
"action": 'action'
    IDENTIFIER: 'a20'
    ACTION_EXPR: ''
        IDENTIFIER: 'RENAME'
"action": 'action'
    IDENTIFIER: 'a21'
    ACTION_EXPR: ''
        IDENTIFIER: 'MOVE'
"action": 'action'
    IDENTIFIER: 'a22'
    ACTION_EXPR: ''
        IDENTIFIER: 'SHARE'
"action": 'action'
    IDENTIFIER: 'a23'
    ACTION_EXPR: ''
        IDENTIFIER: 'unknown'
"action": 'action'
    IDENTIFIER: 'a24'
    ACTION_EXPR: ''
        "empty": 'empty'
