"principal": 'principal'
    IDENTIFIER: 's1'
    SUBJECT_EXPR: ''
        IDENTIFIER: 'ALL_SUBJECTS'
"principal": 'principal'
    IDENTIFIER: 's11'
    SUBJECT_EXPR: ''
        "empty": 'empty'
"principal": 'principal'
    IDENTIFIER: 's2'
    SUBJECT_EXPR: ''
        IDENTIFIER: 'ALL_USERS'
"principal": 'principal'
    IDENTIFIER: 's21'
    SUBJECT_EXPR: ''
        "empty": 'empty'
"principal": 'principal'
    IDENTIFIER: 's3'
    SUBJECT_EXPR: ''
        IDENTIFIER: 'ALL_HOSTS'
"principal": 'principal'
    IDENTIFIER: 's31'
    SUBJECT_EXPR: ''
        "empty": 'empty'
"principal": 'principal'
    IDENTIFIER: 's4'
    SUBJECT_EXPR: ''
        IDENTIFIER: 'ALL_APPLICATIONS'
"principal": 'principal'
    IDENTIFIER: 's41'
    SUBJECT_EXPR: ''
        "empty": 'empty'
"principal": 'principal'
    IDENTIFIER: 's5'
    SUBJECT_EXPR: ''
        STAR: '*'
"principal": 'principal'
    IDENTIFIER: 's6'
    SUBJECT_EXPR: ''
        QUOTED_STRING: 'Hello, world!'
"principal": 'principal'
    IDENTIFIER: 'h1'
    SUBJECT_EXPR: ''
        IDENTIFIER: 'ALL_SUBJECTS'
"principal": 'principal'
    IDENTIFIER: 'h11'
    SUBJECT_EXPR: ''
        "empty": 'empty'
"principal": 'principal'
    IDENTIFIER: 'h2'
    SUBJECT_EXPR: ''
        IDENTIFIER: 'ALL_USERS'
"principal": 'principal'
    IDENTIFIER: 'h3'
    SUBJECT_EXPR: ''
        IDENTIFIER: 'ALL_HOSTS'
"principal": 'principal'
    IDENTIFIER: 'h4'
    SUBJECT_EXPR: ''
        IDENTIFIER: 'ALL_APPLICATIONS'
"principal": 'principal'
    IDENTIFIER: 'h5'
    SUBJECT_EXPR: ''
        STAR: '*'
"principal": 'principal'
    IDENTIFIER: 'h6'
    SUBJECT_EXPR: ''
        QUOTED_STRING: 'hello, WORLD!'
"principal": 'principal'
    IDENTIFIER: 'a1'
    SUBJECT_EXPR: ''
        IDENTIFIER: 'ALL_SUBJECTS'
"principal": 'principal'
    IDENTIFIER: 'a2'
    SUBJECT_EXPR: ''
        IDENTIFIER: 'ALL_USERS'
"principal": 'principal'
    IDENTIFIER: 'a3'
    SUBJECT_EXPR: ''
        IDENTIFIER: 'ALL_HOSTS'
"principal": 'principal'
    IDENTIFIER: 'a4'
    SUBJECT_EXPR: ''
        IDENTIFIER: 'ALL_APPLICATIONS'
"principal": 'principal'
    IDENTIFIER: 'a5'
    SUBJECT_EXPR: ''
        STAR: '*'
"principal": 'principal'
    IDENTIFIER: 'a6'
    SUBJECT_EXPR: ''
        QUOTED_STRING: 'HELLO, WORLD!'
"principal": 'principal'
    IDENTIFIER: 'x'
    SUBJECT_EXPR: ''
        IDNUMBER: '12345'
"principal": 'principal'
    IDENTIFIER: 'minusX'
    SUBJECT_EXPR: ''
        IDNUMBER: '-12345'
