"principal": 'principal'
    IDENTIFIER: 's1'
    SUBJECT_EXPR: ''
        RELATION_OP: '='
            IDENTIFIER: 'PRINCIPAL'
            QUOTED_STRING: 'abc'
"principal": 'principal'
    IDENTIFIER: 's2'
    SUBJECT_EXPR: ''
        RELATION_OP: '='
            DOT_EXPRESSION: ''
                IDENTIFIER: 'PRINCIPAL'
                IDENTIFIER: 'NAME'
            QUOTED_STRING: 'abc'
"principal": 'principal'
    IDENTIFIER: 's3'
    SUBJECT_EXPR: ''
        RELATION_OP: '='
            DOT_EXPRESSION: ''
                IDENTIFIER: 'PRINCIPAL'
                IDENTIFIER: 'GROUP'
            QUOTED_STRING: 'abc'
"principal": 'principal'
    IDENTIFIER: 'h1'
    SUBJECT_EXPR: ''
        RELATION_OP: '='
            DOT_EXPRESSION: ''
                IDENTIFIER: 'PRINCIPAL'
                IDENTIFIER: 'HOST'
            QUOTED_STRING: 'abc'
"principal": 'principal'
    IDENTIFIER: 'a1'
    SUBJECT_EXPR: ''
        RELATION_OP: '='
            DOT_EXPRESSION: ''
                IDENTIFIER: 'PRINCIPAL'
                IDENTIFIER: 'APPLICATION'
            QUOTED_STRING: 'abc'
"principal": 'principal'
    IDENTIFIER: 's4'
    SUBJECT_EXPR: ''
        RELATION_OP: '='
            DOT_EXPRESSION: ''
                IDENTIFIER: 'PRINCIPAL'
                IDENTIFIER: 'HOST'
                IDENTIFIER: 'LOCATION'
            QUOTED_STRING: 'abc'
"principal": 'principal'
    IDENTIFIER: 's5'
    SUBJECT_EXPR: ''
        RELATION_OP: '='
            DOT_EXPRESSION: ''
                IDENTIFIER: 'PRINCIPAL'
                IDENTIFIER: 'blahblahblah'
            QUOTED_STRING: 'abc'
"principal": 'principal'
    IDENTIFIER: 's6'
    SUBJECT_EXPR: ''
        RELATION_OP: '='
            DOT_EXPRESSION: ''
                IDENTIFIER: 'PRINCIPAL'
                IDENTIFIER: 'USER'
                IDENTIFIER: 'NAME'
            QUOTED_STRING: 'foo'
"principal": 'principal'
    IDENTIFIER: 's7'
    SUBJECT_EXPR: ''
        RELATION_OP: '='
            DOT_EXPRESSION: ''
                IDENTIFIER: 'PRINCIPAL'
                IDENTIFIER: 'USER'
            QUOTED_STRING: 'foo'
"principal": 'principal'
    IDENTIFIER: 'h2'
    SUBJECT_EXPR: ''
        RELATION_OP: '='
            DOT_EXPRESSION: ''
                IDENTIFIER: 'PRINCIPAL'
                IDENTIFIER: 'HOST'
                IDENTIFIER: 'NAME'
            QUOTED_STRING: 'abc'
"principal": 'principal'
    IDENTIFIER: 'h3'
    SUBJECT_EXPR: ''
        RELATION_OP: '='
            DOT_EXPRESSION: ''
                IDENTIFIER: 'PRINCIPAL'
                IDENTIFIER: 'APPLICATION'
                IDENTIFIER: 'NAME'
            QUOTED_STRING: 'abc'
