"principal": 'principal'
    IDENTIFIER: 'h1'
    SUBJECT_EXPR: ''
        "and": ''
            "or": ''
                IDENTIFIER: 'ALL_HOSTS'
                IDENTIFIER: 'ALL_APPLICATIONS'
                STAR: '*'
                QUOTED_STRING: 'Hello, world!'
            "or": ''
                QUOTED_STRING: 'Farewell arms'
                IDENTIFIER: 'ALL_SUBJECTS'
"principal": 'principal'
    IDENTIFIER: 's1'
    SUBJECT_EXPR: ''
        "or": ''
            IDENTIFIER: 'ALL_HOSTS'
            IDENTIFIER: 'ALL_APPLICATIONS'
            "and": ''
                STAR: '*'
                IDENTIFIER: 'ALL_SUBJECTS'
            QUOTED_STRING: 'another useless principal'
"principal": 'principal'
    IDENTIFIER: 's11'
    SUBJECT_EXPR: ''
        "or": ''
            IDENTIFIER: 'ALL_HOSTS'
            IDENTIFIER: 'ALL_APPLICATIONS'
            "and": ''
                STAR: '*'
                IDENTIFIER: 'ALL_SUBJECTS'
            QUOTED_STRING: 'another useless principal'
"principal": 'principal'
    IDENTIFIER: 'a1'
    SUBJECT_EXPR: ''
        "or": ''
            STAR: '*'
            STAR: '*'
"principal": 'host'
    IDENTIFIER: 's2'
    SUBJECT_EXPR: ''
        "or": ''
            IDENTIFIER: 'ALL_HOSTS'
            "or": ''
                IDENTIFIER: 'ALL_HOSTS'
                "and": ''
                    IDENTIFIER: 'ALL_HOSTS'
                    "or": ''
                        IDENTIFIER: 'ALL_HOSTS'
                        IDENTIFIER: 'ALL_HOSTS'
"principal": 'host'
    IDENTIFIER: 'h2'
    SUBJECT_EXPR: ''
        "and": ''
            RELATION_OP: '>='
                IDENTIFIER: 'PRINCIPAL'
                INTEGER: '1'
            RELATION_OP: '>'
                DOT_EXPRESSION: ''
                    IDENTIFIER: 'PRINCIPAL'
                    IDENTIFIER: 'NAME'
                FLOATING_POINT: ''
                    INTEGER: '0'
                    INTEGER: '01'
            RELATION_OP: '<='
                DOT_EXPRESSION: ''
                    IDENTIFIER: 'PRINCIPAL'
                    IDENTIFIER: 'GROUP'
                FLOATING_POINT: ''
                    INTEGER: '100'
                    INTEGER: '001'
            RELATION_OP: '='
                DOT_EXPRESSION: ''
                    IDENTIFIER: 'PRINCIPAL'
                    IDENTIFIER: 'APPLICATION'
                QUOTED_STRING: 'me'
            RELATION_OP: '='
                DOT_EXPRESSION: ''
                    IDENTIFIER: 'PRINCIPAL'
                    IDENTIFIER: 'HOST'
                    IDENTIFIER: 'LOCATION'
                QUOTED_STRING: 'SOMELOC'
"principal": 'application'
    IDENTIFIER: 'a2'
    SUBJECT_EXPR: ''
        "and": ''
            "not": 'NOT'
                RELATION_OP: '='
                    DOT_EXPRESSION: ''
                        IDENTIFIER: 'principal'
                        IDENTIFIER: 'nname'
                    QUOTED_STRING: 'the typo is intentional'
            RELATION_OP: '>'
                DOT_EXPRESSION: ''
                    IDENTIFIER: 'PRINCIPAL'
                    IDENTIFIER: 'sizex'
                FLOATING_POINT: ''
                    INTEGER: '0'
                    INTEGER: '01'
"principal": 'application'
    IDENTIFIER: 'a3'
    SUBJECT_EXPR: ''
        "not": 'NOT'
            "and": ''
                RELATION_OP: '='
                    DOT_EXPRESSION: ''
                        IDENTIFIER: 'principal'
                        IDENTIFIER: 'nname'
                    QUOTED_STRING: 'the typo is intentional'
                RELATION_OP: '>'
                    DOT_EXPRESSION: ''
                        IDENTIFIER: 'PRINCIPAL'
                        IDENTIFIER: 'sizex'
                    FLOATING_POINT: ''
                        INTEGER: '0'
                        INTEGER: '01'
"principal": 'user'
    IDENTIFIER: 's3'
    SUBJECT_EXPR: ''
        "and": ''
            RELATION_OP: '>='
                IDENTIFIER: 'principal'
                INTEGER: '1'
            "not": 'NOT'
                RELATION_OP: '>'
                    IDENTIFIER: 'principal'
                    FLOATING_POINT: ''
                        INTEGER: '0'
                        INTEGER: '01'
            "not": 'NOT'
                "and": ''
                    RELATION_OP: '<='
                        IDENTIFIER: 'principal'
                        FLOATING_POINT: ''
                            INTEGER: '100'
                            INTEGER: '001'
                    RELATION_OP: '='
                        IDENTIFIER: 'principal'
                        QUOTED_STRING: 'me'
                    RELATION_OP: '<'
                        IDENTIFIER: 'principal'
                        QUOTED_STRING: '1/1/01'
