"folder": 'folder'
    IDENTIFIER: 'empty$folder'
    "description": 'This folder has nothing'
"folder": 'folder'
    IDENTIFIER: 'single'
    "description": 'This folder has only one item'
"folder": 'folder'
    IDENTIFIER: 'multiple_in_one_group'
    "description": ''
"folder": 'folder'
    IDENTIFIER: 'multiple_one_by_one'
    "description": 'This folder has five items'
"folder": 'folder'
    IDENTIFIER: 'mixture$of$single$and/multiple$with$no/description'
