ID null COMPONENT ACTION_EXPRESSION = (action.name = "ABC" AND NOT (GROUP="DEF") AND NOT ((action.name = "GHI" AND GROUP="JKL" AND action.name = "MNO")))


================ Re-parsed PQL =================

ANNOTATED_DEFINITION: ''
    ANNOTATIONS: ''
        IDNUMBER: 'null'
        "status": 'empty'
        CREATOR_ATTRIBUTE: 'empty'
        ACCESS_CONTROL_POLICY: ''
            "empty": ''
            "empty": ''
            "empty": ''
    "component": 'COMPONENT'
        IDENTIFIER: 'ACTION_EXPRESSION'
        COMPONENT_EXPR: ''
            "and": ''
                RELATION_OP: '='
                    DOT_EXPRESSION: ''
                        IDENTIFIER: 'action'
                        IDENTIFIER: 'name'
                    QUOTED_STRING: 'ABC'
                "not": 'NOT'
                    RELATION_OP: '='
                        IDENTIFIER: 'GROUP'
                        QUOTED_STRING: 'DEF'
                "not": 'NOT'
                    "and": ''
                        RELATION_OP: '='
                            DOT_EXPRESSION: ''
                                IDENTIFIER: 'action'
                                IDENTIFIER: 'name'
                            QUOTED_STRING: 'GHI'
                        RELATION_OP: '='
                            IDENTIFIER: 'GROUP'
                            QUOTED_STRING: 'JKL'
                        RELATION_OP: '='
                            DOT_EXPRESSION: ''
                                IDENTIFIER: 'action'
                                IDENTIFIER: 'name'
                            QUOTED_STRING: 'MNO'
