Deployment Bundle:
Deployment entities:
ID # STATUS EMPTY POLICY EmailToContact
    FOR resource.fso.name = "c:\\test\\**"
    ON EMAIL
    SENT_TO user.GROUP has 1
    BY user.GROUP has 0
    DO deny
    BY DEFAULT DO allow
    ON allow DO log, display( "Allow" )
    ON deny DO log, display( "Deny" )
ID # STATUS APPROVED LOCATION localhost = "10.0.0.0/8"
Policies that apply to all users: {}
Policies that apply to all hosts: {0}
Policies that apply to all applications: {0}
Subject-Policy Mappings:
0 -> {}
1 -> {0}
3 -> {}
4 -> {}
5 -> {}
Action-Policy Mappings:
0 -> {}
1 -> {}
2 -> {}
3 -> {}
4 -> {}
5 -> {}
6 -> {}
7 -> {}
8 -> {}
9 -> {}
10 -> {}
11 -> {}
12 -> {}
13 -> {}
14 -> {}
15 -> {0}
16 -> {}
17 -> {}
18 -> {}
19 -> {}
20 -> {}
21 -> {}
22 -> {}
23 -> {}
24 -> {}
25 -> {}
26 -> {}
27 -> {}
28 -> {}
29 -> {}
30 -> {}
31 -> {}
32 -> {}
33 -> {}
34 -> {}
35 -> {}
36 -> {}
37 -> {}
Subject-Group Mappings:
0 -> {}
1 -> {0, 1}
3 -> {}
4 -> {}
5 -> {1}
Subject keys:
jboulton2@bluejungle.com (user-mail) -> 0
jboulton2@nextlabs.com (user-mail) -> 0
jed.boulton2@bluejungle.com (user-mail) -> 0
jed.boulton2@nextlabs.com (user-mail) -> 0
jed@dubious.com (user-mail) -> 0
jeddubious.com@bluejungle.com (user-mail) -> 0
jeddubious.com@nextlabs.com (user-mail) -> 0
jimmy.carter@test.bluejungle.com (user-mail) -> 1
keng.lim@bluejungle.com (user-mail) -> 2
keng.lim@nextlabs.com (user-mail) -> 2
keng@bluejungle.com (user-mail) -> 2
keng@nextlabs.com (user-mail) -> 2
klim@bluejungle.com (user-mail) -> 2
klim@nextlabs.com (user-mail) -> 2
S-1-5-21-668023798-3031861066-1043980994-1114 (user-windowsSid) -> 2
sip:jimmy.carter@test.bluejungle.com (user-mail) -> 1
sip:keng.lim@bluejungle.com (user-mail) -> 2
X400:c=US;a= ;p=First Organizati;o=Exchange;s=boulton2;g=jed; (user-mail) -> 0
x400:c=us;a= ;p=first organizati;o=exchange;s=lim;g=keng; (user-mail) -> 2
x400:c=us;a= ;p=test;o=exchange;s=carter;g=jimmy; (user-mail) -> 1
{UNKNOWN-APP} (application-builtin) -> 3
{UNKNOWN-HOST} (host-builtin) -> 4
{UNKNOWN-USER} (user-builtin) -> 5

