Deployment Bundle:
Deployment entities:
ID # STATUS EMPTY POLICY TestPolicy
    FOR TRUE
    ON TRUE
    BY TRUE
    DO deny
    ON deny DO log, "Hidden Data Removal"("arg1", "arg2")
ID # STATUS APPROVED LOCATION localhost = "10.0.0.0/8"
Policies that apply to all users: {0}
Policies that apply to all hosts: {0}
Policies that apply to all applications: {0}
Subject-Policy Mappings:
1 -> {}
2 -> {}
3 -> {}
Action-Policy Mappings:
0 -> {0}
1 -> {0}
2 -> {0}
3 -> {0}
4 -> {0}
5 -> {0}
6 -> {0}
7 -> {0}
8 -> {0}
9 -> {0}
10 -> {0}
11 -> {0}
12 -> {0}
13 -> {0}
14 -> {0}
15 -> {0}
16 -> {0}
17 -> {0}
18 -> {0}
19 -> {0}
20 -> {0}
21 -> {0}
22 -> {0}
23 -> {0}
24 -> {0}
25 -> {0}
26 -> {0}
27 -> {0}
28 -> {0}
29 -> {0}
30 -> {0}
31 -> {0}
32 -> {0}
33 -> {0}
34 -> {0}
35 -> {0}
36 -> {0}
37 -> {0}
Subject-Group Mappings:
1 -> {}
2 -> {}
3 -> {}
Subject keys:
keng.lim@bluejungle.com (user-mail) -> 0
keng.lim@nextlabs.com (user-mail) -> 0
keng@bluejungle.com (user-mail) -> 0
keng@nextlabs.com (user-mail) -> 0
klim@bluejungle.com (user-mail) -> 0
klim@nextlabs.com (user-mail) -> 0
S-1-5-21-668023798-3031861066-1043980994-1114 (user-windowsSid) -> 0
sip:keng.lim@bluejungle.com (user-mail) -> 0
x400:c=us;a= ;p=first organizati;o=exchange;s=lim;g=keng; (user-mail) -> 0
{UNKNOWN-APP} (application-builtin) -> 1
{UNKNOWN-HOST} (host-builtin) -> 2
{UNKNOWN-USER} (user-builtin) -> 3

