ID null POLICY policywithobligations
    ATTRIBUTE USAGE
    FOR (TRUE AND (FALSE OR TRUE))
    ON (TRUE AND (FALSE OR TRUE))
    TO (TRUE AND TRUE)
    BY ((TRUE AND (FALSE OR TRUE)) AND (TRUE AND TRUE) AND (TRUE AND TRUE))
    DO deny
    ON allow DO notify "email2@company.com" "Message2", log
    ON deny DO log, notify "email1@company.com" "Message1"
    ON dontcare DO log, notify "email3@company.com" "Message3"


================ Re-parsed PQL =================

ANNOTATED_DEFINITION: ''
    ANNOTATIONS: ''
        IDNUMBER: 'null'
        "status": 'empty'
        CREATOR_ATTRIBUTE: 'empty'
        ACCESS_CONTROL_POLICY: ''
            "empty": ''
            "empty": ''
            "empty": ''
    "policy": 'POLICY'
        IDENTIFIER: 'policywithobligations'
        "attribute": 'ATTRIBUTE'
            IDENTIFIER: 'USAGE'
        TARGET: ''
            FROM: ''
                RESOURCE_EXPR: ''
                    "and": ''
                        "true": 'TRUE'
                        "or": ''
                            "false": 'FALSE'
                            "true": 'TRUE'
            ACTION_EXPR: ''
                "and": ''
                    "true": 'TRUE'
                    "or": ''
                        "false": 'FALSE'
                        "true": 'TRUE'
            "to": ''
                RESOURCE_EXPR: ''
                    "and": ''
                        "true": 'TRUE'
                        "true": 'TRUE'
            SUBJECT_EXPR: ''
                "and": ''
                    "and": ''
                        "true": 'TRUE'
                        "or": ''
                            "false": 'FALSE'
                            "true": 'TRUE'
                    "and": ''
                        "true": 'TRUE'
                        "true": 'TRUE'
                    "and": ''
                        "true": 'TRUE'
                        "true": 'TRUE'
        EFFECT_CLAUSE: 'DO'
            EFFECT_TYPE: 'deny'
        OBLIGATION_CLAUSE: ''
            "on": 'ON'
                EFFECT_TYPE: 'allow'
            OBLIGATION: ''
                "notify": 'notify'
                    QUOTED_STRING: 'email2@company.com'
                    QUOTED_STRING: 'Message2'
            OBLIGATION: ''
                "log": 'log'
        OBLIGATION_CLAUSE: ''
            "on": 'ON'
                EFFECT_TYPE: 'deny'
            OBLIGATION: ''
                "log": 'log'
            OBLIGATION: ''
                "notify": 'notify'
                    QUOTED_STRING: 'email1@company.com'
                    QUOTED_STRING: 'Message1'
        OBLIGATION_CLAUSE: ''
            "on": 'ON'
                EFFECT_TYPE: 'dontcare'
            OBLIGATION: ''
                "log": 'log'
            OBLIGATION: ''
                "notify": 'notify'
                    QUOTED_STRING: 'email3@company.com'
                    QUOTED_STRING: 'Message3'
