ID null POLICY deploy_everywhere
    FOR TRUE
    ON TRUE
    BY TRUE
    DO allow
    DEPLOYED TO ((TRUE WITH AGENT.TYPE = "DESKTOP") , (TRUE WITH AGENT.TYPE = "FILE_SERVER") , ((host.name = "foofoo" OR (host.name = "bobo" AND host.speed > "65")) WITH AGENT.TYPE = "DESKTOP"))
ID null POLICY deploy_somewhere
    FOR TRUE
    ON TRUE
    BY TRUE
    DO allow
    DEPLOYED TO AGENT.ID = 2345
ID null POLICY deploy_somewhere_else
    FOR TRUE
    ON TRUE
    BY TRUE
    DO allow
    DEPLOYED TO AGENT.TYPE = "FILE_SERVER"
ID null POLICY deploy_true
    FOR TRUE
    ON TRUE
    BY TRUE
    DO allow
    DEPLOYED TO TRUE
ID null POLICY deploy_false
    FOR TRUE
    ON TRUE
    BY TRUE
    DO allow
    DEPLOYED TO FALSE


================ Re-parsed PQL =================

ANNOTATED_DEFINITION: ''
    ANNOTATIONS: ''
        IDNUMBER: 'null'
        "status": 'empty'
        CREATOR_ATTRIBUTE: 'empty'
        ACCESS_CONTROL_POLICY: ''
            "empty": ''
            "empty": ''
            "empty": ''
    "policy": 'POLICY'
        IDENTIFIER: 'deploy_everywhere'
        TARGET: ''
            FROM: ''
                RESOURCE_EXPR: ''
                    "true": 'TRUE'
            ACTION_EXPR: ''
                "true": 'TRUE'
            SUBJECT_EXPR: ''
                "true": 'TRUE'
        EFFECT_CLAUSE: 'DO'
            EFFECT_TYPE: 'allow'
        "deployed": 'DEPLOYED'
            "or": ''
                "and": ''
                    "true": 'TRUE'
                    RELATION_OP: '='
                        DOT_EXPRESSION: ''
                            IDENTIFIER: 'AGENT'
                            IDENTIFIER: 'TYPE'
                        QUOTED_STRING: 'DESKTOP'
                "and": ''
                    "true": 'TRUE'
                    RELATION_OP: '='
                        DOT_EXPRESSION: ''
                            IDENTIFIER: 'AGENT'
                            IDENTIFIER: 'TYPE'
                        QUOTED_STRING: 'FILE_SERVER'
                "and": ''
                    "or": ''
                        RELATION_OP: '='
                            DOT_EXPRESSION: ''
                                IDENTIFIER: 'host'
                                IDENTIFIER: 'name'
                            QUOTED_STRING: 'foofoo'
                        "and": ''
                            RELATION_OP: '='
                                DOT_EXPRESSION: ''
                                    IDENTIFIER: 'host'
                                    IDENTIFIER: 'name'
                                QUOTED_STRING: 'bobo'
                            RELATION_OP: '>'
                                DOT_EXPRESSION: ''
                                    IDENTIFIER: 'host'
                                    IDENTIFIER: 'speed'
                                QUOTED_STRING: '65'
                    RELATION_OP: '='
                        DOT_EXPRESSION: ''
                            IDENTIFIER: 'AGENT'
                            IDENTIFIER: 'TYPE'
                        QUOTED_STRING: 'DESKTOP'
ANNOTATED_DEFINITION: ''
    ANNOTATIONS: ''
        IDNUMBER: 'null'
        "status": 'empty'
        CREATOR_ATTRIBUTE: 'empty'
        ACCESS_CONTROL_POLICY: ''
            "empty": ''
            "empty": ''
            "empty": ''
    "policy": 'POLICY'
        IDENTIFIER: 'deploy_somewhere'
        TARGET: ''
            FROM: ''
                RESOURCE_EXPR: ''
                    "true": 'TRUE'
            ACTION_EXPR: ''
                "true": 'TRUE'
            SUBJECT_EXPR: ''
                "true": 'TRUE'
        EFFECT_CLAUSE: 'DO'
            EFFECT_TYPE: 'allow'
        "deployed": 'DEPLOYED'
            RELATION_OP: '='
                DOT_EXPRESSION: ''
                    IDENTIFIER: 'AGENT'
                    IDENTIFIER: 'ID'
                INTEGER: '2345'
ANNOTATED_DEFINITION: ''
    ANNOTATIONS: ''
        IDNUMBER: 'null'
        "status": 'empty'
        CREATOR_ATTRIBUTE: 'empty'
        ACCESS_CONTROL_POLICY: ''
            "empty": ''
            "empty": ''
            "empty": ''
    "policy": 'POLICY'
        IDENTIFIER: 'deploy_somewhere_else'
        TARGET: ''
            FROM: ''
                RESOURCE_EXPR: ''
                    "true": 'TRUE'
            ACTION_EXPR: ''
                "true": 'TRUE'
            SUBJECT_EXPR: ''
                "true": 'TRUE'
        EFFECT_CLAUSE: 'DO'
            EFFECT_TYPE: 'allow'
        "deployed": 'DEPLOYED'
            RELATION_OP: '='
                DOT_EXPRESSION: ''
                    IDENTIFIER: 'AGENT'
                    IDENTIFIER: 'TYPE'
                QUOTED_STRING: 'FILE_SERVER'
ANNOTATED_DEFINITION: ''
    ANNOTATIONS: ''
        IDNUMBER: 'null'
        "status": 'empty'
        CREATOR_ATTRIBUTE: 'empty'
        ACCESS_CONTROL_POLICY: ''
            "empty": ''
            "empty": ''
            "empty": ''
    "policy": 'POLICY'
        IDENTIFIER: 'deploy_true'
        TARGET: ''
            FROM: ''
                RESOURCE_EXPR: ''
                    "true": 'TRUE'
            ACTION_EXPR: ''
                "true": 'TRUE'
            SUBJECT_EXPR: ''
                "true": 'TRUE'
        EFFECT_CLAUSE: 'DO'
            EFFECT_TYPE: 'allow'
        "deployed": 'DEPLOYED'
            "true": 'TRUE'
ANNOTATED_DEFINITION: ''
    ANNOTATIONS: ''
        IDNUMBER: 'null'
        "status": 'empty'
        CREATOR_ATTRIBUTE: 'empty'
        ACCESS_CONTROL_POLICY: ''
            "empty": ''
            "empty": ''
            "empty": ''
    "policy": 'POLICY'
        IDENTIFIER: 'deploy_false'
        TARGET: ''
            FROM: ''
                RESOURCE_EXPR: ''
                    "true": 'TRUE'
            ACTION_EXPR: ''
                "true": 'TRUE'
            SUBJECT_EXPR: ''
                "true": 'TRUE'
        EFFECT_CLAUSE: 'DO'
            EFFECT_TYPE: 'allow'
        "deployed": 'DEPLOYED'
            "false": 'FALSE'
