"resource": 'resource'
    IDENTIFIER: 'r01'
    RESOURCE_EXPR: ''
        IDENTIFIER: 'ALL_FILE_SERVERS'
"resource": 'resource'
    IDENTIFIER: 'r02'
    RESOURCE_EXPR: ''
        IDENTIFIER: 'ALL_FILES'
"resource": 'resource'
    IDENTIFIER: 'r03'
    RESOURCE_EXPR: ''
        IDENTIFIER: 'EXCEL_DOCS'
"resource": 'resource'
    IDENTIFIER: 'r04'
    RESOURCE_EXPR: ''
        IDENTIFIER: 'HOME_DIRECTORY'
"resource": 'resource'
    IDENTIFIER: 'r05'
    RESOURCE_EXPR: ''
        IDENTIFIER: 'LOCAL_FILES'
"resource": 'resource'
    IDENTIFIER: 'r06'
    RESOURCE_EXPR: ''
        IDENTIFIER: 'MEDIA_FILES'
"resource": 'resource'
    IDENTIFIER: 'r07'
    RESOURCE_EXPR: ''
        IDENTIFIER: 'OFFICE_DOCS'
"resource": 'resource'
    IDENTIFIER: 'r08'
    RESOURCE_EXPR: ''
        IDENTIFIER: 'PPT_DOCS'
"resource": 'resource'
    IDENTIFIER: 'r09'
    RESOURCE_EXPR: ''
        IDENTIFIER: 'REMOTE_FILES'
"resource": 'resource'
    IDENTIFIER: 'r10'
    RESOURCE_EXPR: ''
        IDENTIFIER: 'REMOVABLE_DEVICE'
"resource": 'resource'
    IDENTIFIER: 'r11'
    RESOURCE_EXPR: ''
        IDENTIFIER: 'REMOVABLE_MEDIA'
"resource": 'resource'
    IDENTIFIER: 'r12'
    RESOURCE_EXPR: ''
        IDENTIFIER: 'WORD_DOCS'
"resource": 'resource'
    IDENTIFIER: 'r13'
    RESOURCE_EXPR: ''
        STAR: '*'
"resource": 'resource'
    IDENTIFIER: 'r14'
    RESOURCE_EXPR: ''
        "empty": 'EMPTY'
"resource": 'resource'
    IDENTIFIER: 'r15'
    RESOURCE_EXPR: ''
        IDNUMBER: '98765'
