"resource": 'resource'
    IDENTIFIER: 'big_composite'
    RESOURCE_EXPR: ''
        "or": ''
            "and": ''
                RELATION_OP: '!='
                    IDENTIFIER: 'NAME'
                    QUOTED_STRING: 'foo.txt'
                RELATION_OP: '='
                    IDENTIFIER: 'NAME'
                    QUOTED_STRING: 'bar.doc'
            "and": ''
                RELATION_OP: '!='
                    IDENTIFIER: 'TYPE'
                    QUOTED_STRING: 'PERL'
                RELATION_OP: '='
                    IDENTIFIER: 'TYPE'
                    QUOTED_STRING: 'JAVA'
            "and": ''
                RELATION_OP: '!='
                    IDENTIFIER: 'DIR'
                    QUOTED_STRING: 'FOO'
                RELATION_OP: '='
                    IDENTIFIER: 'DIR'
                    QUOTED_STRING: 'BAR'
            "and": ''
                RELATION_OP: '='
                    IDENTIFIER: 'SIZE'
                    INTEGER: '100'
                RELATION_OP: '='
                    IDENTIFIER: 'SIZE'
                    INTEGER: '100'
                RELATION_OP: '<'
                    IDENTIFIER: 'SIZE'
                    INTEGER: '1000'
                RELATION_OP: '>'
                    IDENTIFIER: 'SIZE'
                    INTEGER: '-10'
                RELATION_OP: '<='
                    IDENTIFIER: 'SIZE'
                    INTEGER: '100'
                RELATION_OP: '>='
                    IDENTIFIER: 'SIZE'
                    INTEGER: '100'
                RELATION_OP: '>'
                    IDENTIFIER: 'SIZE'
                    FLOATING_POINT: ''
                        INTEGER: '-10'
                        INTEGER: '5'
                RELATION_OP: '>'
                    IDENTIFIER: 'SIZE'
                    FLOATING_POINT: ''
                        INTEGER: '-0'
                        INTEGER: '5'
                RELATION_OP: '>'
                    IDENTIFIER: 'SIZE'
                    FLOATING_POINT: ''
                        INTEGER: '+0'
                        INTEGER: '5'
                RELATION_OP: '>'
                    IDENTIFIER: 'SIZE'
                    FLOATING_POINT: ''
                        INTEGER: '+1'
                        INTEGER: '5'
            "and": ''
                RELATION_OP: '='
                    IDENTIFIER: 'MODIFIED_DATE'
                    QUOTED_STRING: '01/02/2005'
                RELATION_OP: '='
                    IDENTIFIER: 'MODIFIED_DATE'
                    QUOTED_STRING: '01/02/2005'
                RELATION_OP: '<'
                    IDENTIFIER: 'MODIFIED_DATE'
                    QUOTED_STRING: '01/02/2005'
                RELATION_OP: '>'
                    IDENTIFIER: 'MODIFIED_DATE'
                    QUOTED_STRING: '01/02/2005'
                RELATION_OP: '<='
                    IDENTIFIER: 'MODIFIED_DATE'
                    QUOTED_STRING: '01/02/2005'
                RELATION_OP: '<='
                    IDENTIFIER: 'MODIFIED_DATE'
                    QUOTED_STRING: '01/02/2005'
            "and": ''
                RELATION_OP: '='
                    IDENTIFIER: 'ACCESS_DATE'
                    QUOTED_STRING: '01/02/2005'
                RELATION_OP: '='
                    IDENTIFIER: 'ACCESS_DATE'
                    QUOTED_STRING: '01/02/2005'
                RELATION_OP: '<'
                    IDENTIFIER: 'ACCESS_DATE'
                    QUOTED_STRING: '01/02/2005'
                RELATION_OP: '>'
                    IDENTIFIER: 'ACCESS_DATE'
                    QUOTED_STRING: '01/02/2005'
                RELATION_OP: '<='
                    IDENTIFIER: 'ACCESS_DATE'
                    QUOTED_STRING: '01/02/2005'
                RELATION_OP: '<='
                    IDENTIFIER: 'ACCESS_DATE'
                    QUOTED_STRING: '01/02/2005'
            "and": ''
                RELATION_OP: '='
                    IDENTIFIER: 'CREATION_DATE'
                    QUOTED_STRING: '01/02/2005'
                RELATION_OP: '='
                    IDENTIFIER: 'CREATION_DATE'
                    QUOTED_STRING: '01/02/2005'
                RELATION_OP: '<'
                    IDENTIFIER: 'CREATION_DATE'
                    QUOTED_STRING: '01/02/2005'
                RELATION_OP: '>'
                    IDENTIFIER: 'CREATION_DATE'
                    QUOTED_STRING: '01/02/2005'
                RELATION_OP: '<='
                    IDENTIFIER: 'CREATION_DATE'
                    QUOTED_STRING: '01/02/2005'
                RELATION_OP: '<='
                    IDENTIFIER: 'CREATION_DATE'
                    QUOTED_STRING: '01/02/2005'
