"resource": 'RESOURCE'
    IDENTIFIER: 'r01'
    RESOURCE_EXPR: ''
        RELATION_OP: '='
            DOT_EXPRESSION: ''
                IDENTIFIER: 'RESOURCE'
                IDENTIFIER: 'NAME'
            QUOTED_STRING: 'aaa'
"resource": 'RESOURCE'
    IDENTIFIER: 'r02'
    RESOURCE_EXPR: ''
        RELATION_OP: '>='
            DOT_EXPRESSION: ''
                IDENTIFIER: 'RESOURCE'
                IDENTIFIER: 'SIZE'
            IDENTIFIER: 'bbb'
"resource": 'RESOURCE'
    IDENTIFIER: 'r03'
    RESOURCE_EXPR: ''
        RELATION_OP: '<='
            DOT_EXPRESSION: ''
                IDENTIFIER: 'RESOURCE'
                IDENTIFIER: 'TYPE'
            INTEGER: '1'
"resource": 'RESOURCE'
    IDENTIFIER: 'r04'
    RESOURCE_EXPR: ''
        RELATION_OP: '!='
            DOT_EXPRESSION: ''
                IDENTIFIER: 'RESOURCE'
                IDENTIFIER: 'OWNER'
            QUOTED_STRING: 'xyZ'
"resource": 'RESOURCE'
    IDENTIFIER: 'r05'
    RESOURCE_EXPR: ''
        RELATION_OP: '<'
            DOT_EXPRESSION: ''
                IDENTIFIER: 'RESOURCE'
                IDENTIFIER: 'MODIFIED_DATE'
            QUOTED_STRING: '1/2/3333'
"resource": 'RESOURCE'
    IDENTIFIER: 'r06'
    RESOURCE_EXPR: ''
        RELATION_OP: '>'
            DOT_EXPRESSION: ''
                IDENTIFIER: 'RESOURCE'
                IDENTIFIER: 'ACCESS_DATE'
            FLOATING_POINT: ''
                INTEGER: '4'
                INTEGER: '05'
"resource": 'RESOURCE'
    IDENTIFIER: 'r07'
    RESOURCE_EXPR: ''
        RELATION_OP: '>='
            DOT_EXPRESSION: ''
                IDENTIFIER: 'RESOURCE'
                IDENTIFIER: 'CREATION_DATE'
            FLOATING_POINT: ''
                INTEGER: '1'
                INTEGER: '00001'
"resource": 'RESOURCE'
    IDENTIFIER: 'r08'
    RESOURCE_EXPR: ''
        RELATION_OP: '>='
            DOT_EXPRESSION: ''
                IDENTIFIER: 'RESOURCE'
                IDENTIFIER: 'GROUP'
            INTEGER: '1'
"resource": 'RESOURCE'
    IDENTIFIER: 'r09'
    RESOURCE_EXPR: ''
        RELATION_OP: '='
            IDENTIFIER: 'NAME'
            QUOTED_STRING: 'aaa'
"resource": 'RESOURCE'
    IDENTIFIER: 'r10'
    RESOURCE_EXPR: ''
        RELATION_OP: '>='
            IDENTIFIER: 'SIZE'
            IDENTIFIER: 'bbb'
"resource": 'RESOURCE'
    IDENTIFIER: 'r11'
    RESOURCE_EXPR: ''
        RELATION_OP: '<='
            IDENTIFIER: 'TYPE'
            INTEGER: '1'
"resource": 'RESOURCE'
    IDENTIFIER: 'r12'
    RESOURCE_EXPR: ''
        RELATION_OP: '!='
            IDENTIFIER: 'OWNER'
            QUOTED_STRING: 'xyZ'
"resource": 'RESOURCE'
    IDENTIFIER: 'r13'
    RESOURCE_EXPR: ''
        RELATION_OP: '<'
            IDENTIFIER: 'MODIFIED_DATE'
            QUOTED_STRING: '1/2/3333'
"resource": 'RESOURCE'
    IDENTIFIER: 'r14'
    RESOURCE_EXPR: ''
        RELATION_OP: '>'
            IDENTIFIER: 'ACCESS_DATE'
            FLOATING_POINT: ''
                INTEGER: '4'
                INTEGER: '05'
"resource": 'RESOURCE'
    IDENTIFIER: 'r15'
    RESOURCE_EXPR: ''
        RELATION_OP: '>='
            IDENTIFIER: 'CREATION_DATE'
            FLOATING_POINT: ''
                INTEGER: '1'
                INTEGER: '00001'
"resource": 'RESOURCE'
    IDENTIFIER: 'r16'
    RESOURCE_EXPR: ''
        RELATION_OP: '>='
            IDENTIFIER: 'GROUP'
            FLOATING_POINT: ''
                INTEGER: '0'
                INTEGER: '00001'
