"resource": 'resource'
    IDENTIFIER: 'r01'
    RESOURCE_EXPR: ''
        "and": ''
            "or": ''
                IDENTIFIER: 'ALL_FILE_SERVERS'
                IDENTIFIER: 'ALL_FILES'
                IDENTIFIER: 'EXCEL_DOCS'
            "or": ''
                IDENTIFIER: 'HOME_DIRECTORY'
                IDENTIFIER: 'LOCAL_FILES'
"resource": 'resource'
    IDENTIFIER: 'r02'
    RESOURCE_EXPR: ''
        "or": ''
            IDENTIFIER: 'ALL_FILE_SERVERS'
            IDENTIFIER: 'ALL_FILES'
            "and": ''
                IDENTIFIER: 'EXCEL_DOCS'
                IDENTIFIER: 'HOME_DIRECTORY'
            IDENTIFIER: 'LOCAL_FILES'
"resource": 'resource'
    IDENTIFIER: 'r03'
    RESOURCE_EXPR: ''
        "or": ''
            STAR: '*'
            STAR: '*'
"resource": 'resource'
    IDENTIFIER: 'r04'
    RESOURCE_EXPR: ''
        "or": ''
            IDENTIFIER: 'ALL_FILE_SERVERS'
            "or": ''
                IDENTIFIER: 'ALL_FILES'
                "and": ''
                    IDENTIFIER: 'EXCEL_DOCS'
                    "or": ''
                        IDENTIFIER: 'HOME_DIRECTORY'
                        IDENTIFIER: 'LOCAL_FILES'
"resource": 'RESOURCE'
    IDENTIFIER: 'r05'
    RESOURCE_EXPR: ''
        "and": ''
            RELATION_OP: '>='
                IDENTIFIER: 'Name'
                INTEGER: '1'
            RELATION_OP: '>'
                IDENTIFIER: 'sIze'
                FLOATING_POINT: ''
                    INTEGER: '0'
                    INTEGER: '01'
            RELATION_OP: '<='
                IDENTIFIER: 'typE'
                FLOATING_POINT: ''
                    INTEGER: '100'
                    INTEGER: '001'
            RELATION_OP: '='
                IDENTIFIER: 'Owner'
                QUOTED_STRING: 'me'
            RELATION_OP: '<'
                IDENTIFIER: 'modified_date'
                QUOTED_STRING: '1/1/01'
"resource": 'RESOURCE'
    IDENTIFIER: 'r06'
    RESOURCE_EXPR: ''
        "and": ''
            "not": 'NOT'
                RELATION_OP: '='
                    IDENTIFIER: 'Name'
                    QUOTED_STRING: 'Unclassifiefd'
            RELATION_OP: '>'
                IDENTIFIER: 'sIze'
                FLOATING_POINT: ''
                    INTEGER: '0'
                    INTEGER: '01'
"resource": 'RESOURCE'
    IDENTIFIER: 'r07'
    RESOURCE_EXPR: ''
        "not": 'NOT'
            "and": ''
                RELATION_OP: '='
                    IDENTIFIER: 'Name'
                    QUOTED_STRING: 'Unclassifiefd'
                RELATION_OP: '>'
                    IDENTIFIER: 'sIze'
                    FLOATING_POINT: ''
                        INTEGER: '0'
                        INTEGER: '01'
"resource": 'RESOURCE'
    IDENTIFIER: 'r08'
    RESOURCE_EXPR: ''
        "and": ''
            RELATION_OP: '>='
                IDENTIFIER: 'Name'
                INTEGER: '1'
            "not": 'NOT'
                RELATION_OP: '>'
                    IDENTIFIER: 'sIze'
                    FLOATING_POINT: ''
                        INTEGER: '0'
                        INTEGER: '01'
            "not": 'NOT'
                "and": ''
                    RELATION_OP: '<='
                        IDENTIFIER: 'typE'
                        FLOATING_POINT: ''
                            INTEGER: '100'
                            INTEGER: '001'
                    RELATION_OP: '='
                        IDENTIFIER: 'Owner'
                        QUOTED_STRING: 'me'
                    RELATION_OP: '<'
                        IDENTIFIER: 'modified_date'
                        QUOTED_STRING: '1/1/01'
"resource": 'RESOURCE'
    IDENTIFIER: 'r09'
    RESOURCE_EXPR: ''
        "or": ''
            RELATION_OP: '='
                IDENTIFIER: 'custom1'
                "null": 'null'
            RELATION_OP: '!='
                IDENTIFIER: 'custom2'
                "null": 'null'
