"resource": 'resource'
    IDENTIFIER: 'r01'
    RESOURCE_EXPR: ''
        "or": ''
            DOT_EXPRESSION: ''
                IDENTIFIER: 'resource'
                IDENTIFIER: 'unknown1'
                IDENTIFIER: 'attribute1'
            DOT_EXPRESSION: ''
                IDENTIFIER: 'resource'
                IDENTIFIER: 'unknown2'
                IDENTIFIER: 'attribute2'
