<?xml version="1.0" encoding="UTF-8"?>
<PolicySet xmlns="urn:oasis:names:tc:xacml:1.0:policy"
           PolicySetId="Exported NextLabs Policies"
           PolicyCombiningAlgId="urn:oasis:names:tc:xacml:1.0:policy-combining-algorithm:deny-overrides">
  <Policy
      xmlns="urn:oasis:names:tc:xacml:3.0:core:schema:wd-17"
      xmlns:xsi="http://www.w3.org/2001/XMLSchema-instance"
      xsi:schemaLocation="urn:oasis:names:tc:xacml:3.0:core:schema:wd-17
                          http://docs.oasis-open.org/xacml/3.0/xacml-core-v3-schema-wd-17.xsd"
      PolicyId="urn:nextlabs:relationOperatorTest"
      Version="1.0"
      RuleCombiningAlgId="identifier:rule-combining-algorithm:deny-overrides">
    <Target>
      <!-- start FROM RESOURCE -->
      <AnyOf>
        <AllOf>
          <Match MatchId="urn:oasis:names:tc:xacml:1.0:function:integer-equal">
            <AttributeDesignator MustBePresent="true"
                                 Category="urn:oasis:names:tc:xacml:3.0:attribute-category:resource"
                                 AttributeId="size"
                                 DataType="http://www.w3.org/2001/XMLSchema#integer"/>
            <AttributeValue DataType="http://www.w3.org/2001/XMLSchema#integer">100</AttributeValue>
          </Match>
        </AllOf>
        <AllOf>
          <Match MatchId="urn:oasis:names:tc:xacml:1.0:function:integer-greater-than">
            <AttributeDesignator MustBePresent="true"
                                 Category="urn:oasis:names:tc:xacml:3.0:attribute-category:resource"
                                 AttributeId="size"
                                 DataType="http://www.w3.org/2001/XMLSchema#integer"/>
            <AttributeValue DataType="http://www.w3.org/2001/XMLSchema#integer">100</AttributeValue>
          </Match>
        </AllOf>
        <AllOf>
          <Match MatchId="urn:oasis:names:tc:xacml:1.0:function:integer-greater-than-or-equal">
            <AttributeDesignator MustBePresent="true"
                                 Category="urn:oasis:names:tc:xacml:3.0:attribute-category:resource"
                                 AttributeId="size"
                                 DataType="http://www.w3.org/2001/XMLSchema#integer"/>
            <AttributeValue DataType="http://www.w3.org/2001/XMLSchema#integer">100</AttributeValue>
          </Match>
        </AllOf>
        <AllOf>
          <Match MatchId="urn:nextlabs:builtin:string-equal">
            <AttributeDesignator MustBePresent="true"
                                 Category="urn:oasis:names:tc:xacml:3.0:attribute-category:resource"
                                 AttributeId="urn:oasis:names:tc:xacml:1.0:resource:resource-id"
                                 DataType="http://www.w3.org/2001/XMLSchema#string"/>
            <AttributeValue DataType="http://www.w3.org/2001/XMLSchema#string">foo.txt</AttributeValue>
          </Match>
        </AllOf>
        <AllOf>
          <Match MatchId="urn:nextlabs:builtin:string-equal">
            <AttributeDesignator MustBePresent="true"
                                 Category="urn:oasis:names:tc:xacml:3.0:attribute-category:resource"
                                 AttributeId="urn:oasis:names:tc:xacml:1.0:resource:resource-id"
                                 DataType="http://www.w3.org/2001/XMLSchema#string"/>
            <AttributeValue DataType="http://www.w3.org/2001/XMLSchema#string">foo.txt</AttributeValue>
          </Match>
        </AllOf>
      </AnyOf>
      <!-- end FROM RESOURCE -->
    </Target>
    <Rule Effect="Permit" RuleId="relationOperatorTest">
      <Description>test relation operators</Description>
      <Condition FunctionId="urn:oasis:names:tc:xacml:1.0:function:and">
      </Condition>
    </Rule>
    <AssociatedAdvice>
    </AssociatedAdvice>
  </Policy>
<PolicySet>
